uip_task.c:504:12:UIP_TASK_StartServices	32	static
uip_task.c:98:5:UIP_TASK_Init	16	static
uip_task.c:127:5:UIP_TASK_InitFromPresets	8	static
uip_task.c:280:6:uip_log	0	static
uip_task.c:293:5:UIP_TASK_AppCall	0	static
uip_task.c:334:5:UIP_TASK_DHCP_EnableSet	8	static
uip_task.c:141:13:UIP_TASK_Handler	40	static
uip_task.c:399:5:UIP_TASK_DHCP_EnableGet	0	static
uip_task.c:408:5:UIP_TASK_IP_AddressSet	0	static
uip_task.c:423:5:UIP_TASK_IP_AddressGet	0	static
uip_task.c:428:5:UIP_TASK_IP_EffectiveAddressGet	24	static
uip_task.c:439:5:UIP_TASK_NetmaskSet	0	static
uip_task.c:454:5:UIP_TASK_NetmaskGet	0	static
uip_task.c:459:5:UIP_TASK_EffectiveNetmaskGet	24	static
uip_task.c:470:5:UIP_TASK_GatewaySet	0	static
uip_task.c:485:5:UIP_TASK_GatewayGet	0	static
uip_task.c:490:5:UIP_TASK_EffectiveGatewayGet	24	static
uip_task.c:539:5:UIP_TASK_ServicesRunning	0	static
uip_task.c:548:5:UIP_TASK_NetworkDeviceAvailable	0	static
uip_task.c:584:5:UIP_TASK_UDP_MonitorPacket	40	static
uip_task.c:557:5:UIP_TASK_UDP_AppCall	8	static
uip_task.c:611:5:UIP_TASK_UDP_ESP8266_MonitorPacket	56	static
uip_task.c:636:5:UIP_TASK_UDP_MonitorLevelSet	0	static
uip_task.c:642:5:UIP_TASK_UDP_MonitorLevelGet	0	static
uip_task.c:651:6:dhcpc_configured	32	static
