mios32_uart.c:193:5:MIOS32_UART_IsAssignedToMIDI	0	static
mios32_uart.c:388:5:MIOS32_UART_BaudrateSet	32	static
mios32_uart.c:215:5:MIOS32_UART_InitPort	32	static
mios32_uart.c:325:5:MIOS32_UART_InitPortDefault	8	static
mios32_uart.c:107:5:MIOS32_UART_Init	16	static
mios32_uart.c:434:5:MIOS32_UART_BaudrateGet	0	static
mios32_uart.c:454:5:MIOS32_UART_RxBufferFree	0	static
mios32_uart.c:474:5:MIOS32_UART_RxBufferUsed	0	static
mios32_uart.c:495:5:MIOS32_UART_RxBufferGet	16	static
mios32_uart.c:527:5:MIOS32_UART_RxBufferPeek	8	static
mios32_uart.c:557:5:MIOS32_UART_RxBufferPut	16	static
mios32_uart.c:589:5:MIOS32_UART_TxBufferFree	0	static
mios32_uart.c:609:5:MIOS32_UART_TxBufferUsed	0	static
mios32_uart.c:630:5:MIOS32_UART_TxBufferGet	16	static
mios32_uart.c:665:5:MIOS32_UART_TxBufferPutMore_NonBlocking	24	static
mios32_uart.c:716:5:MIOS32_UART_TxBufferPutMore	16	static
mios32_uart.c:736:5:MIOS32_UART_TxBufferPut_NonBlocking	16	static
mios32_uart.c:754:5:MIOS32_UART_TxBufferPut	16	static
mios32_uart.c:768:1:USART2_IRQHandler	8	static
mios32_uart.c:801:1:USART3_IRQHandler	8	static
mios32_uart.c:834:1:USART6_IRQHandler	8	static
mios32_uart.c:857:1:USART1_IRQHandler	8	static
mios32_uart.c:881:1:UART5_IRQHandler	8	static
