mios32_iic.c:663:13:EV_IRQHandler	8	static
mios32_iic.c:802:13:ER_IRQHandler	16	static
mios32_iic.c:259:13:MIOS32_IIC_InitPeripheral	40	static
mios32_iic.c:185:5:MIOS32_IIC_Init	32	static
mios32_iic.c:329:5:MIOS32_IIC_TransferBegin	16	static
mios32_iic.c:364:5:MIOS32_IIC_TransferFinished	0	static
mios32_iic.c:389:5:MIOS32_IIC_LastErrorGet	0	static
mios32_iic.c:413:5:MIOS32_IIC_TransferCheck	0	static
mios32_iic.c:455:6:MIOS32_IIC_Deblock	48	static
mios32_iic.c:503:5:MIOS32_IIC_TransferWait	32	static
mios32_iic.c:588:5:MIOS32_IIC_Transfer	32	static
mios32_iic.c:843:6:I2C2_EV_IRQHandler	0	static
mios32_iic.c:848:6:I2C2_ER_IRQHandler	0	static
mios32_iic.c:855:6:I2C1_EV_IRQHandler	0	static
mios32_iic.c:860:6:I2C1_ER_IRQHandler	0	static
