mios32_board.c:250:12:MIOS32_BOARD_PinInitHlp	24	static
mios32_board.c:230:5:MIOS32_BOARD_Init	0	static
mios32_board.c:306:5:MIOS32_BOARD_LED_Init	8	static
mios32_board.c:353:5:MIOS32_BOARD_LED_Set	0	static
mios32_board.c:391:5:MIOS32_BOARD_LED_Get	0	static
mios32_board.c:436:5:MIOS32_BOARD_J5_PinInit	8	static
mios32_board.c:467:5:MIOS32_BOARD_J5_Set	16	static
mios32_board.c:491:5:MIOS32_BOARD_J5_PinSet	0	static
mios32_board.c:513:5:MIOS32_BOARD_J5_Get	0	static
mios32_board.c:537:5:MIOS32_BOARD_J5_PinGet	0	static
mios32_board.c:571:5:MIOS32_BOARD_J10_PinInit	8	static
mios32_board.c:603:5:MIOS32_BOARD_J10_Set	16	static
mios32_board.c:632:5:MIOS32_BOARD_J10_PinSet	0	static
mios32_board.c:654:5:MIOS32_BOARD_J10_Get	8	static
mios32_board.c:683:5:MIOS32_BOARD_J10_PinGet	0	static
mios32_board.c:703:5:MIOS32_BOARD_J10A_Get	0	static
mios32_board.c:725:5:MIOS32_BOARD_J10A_Set	16	static
mios32_board.c:753:5:MIOS32_BOARD_J10B_Get	0	static
mios32_board.c:778:5:MIOS32_BOARD_J10B_Set	16	static
mios32_board.c:821:5:MIOS32_BOARD_J28_PinInit	0	static
mios32_board.c:837:5:MIOS32_BOARD_J28_Set	0	static
mios32_board.c:854:5:MIOS32_BOARD_J28_PinSet	0	static
mios32_board.c:869:5:MIOS32_BOARD_J28_Get	0	static
mios32_board.c:886:5:MIOS32_BOARD_J28_PinGet	0	static
mios32_board.c:909:5:MIOS32_BOARD_J15_PortInit	32	static
mios32_board.c:987:5:MIOS32_BOARD_J15_DataSet	0	static
mios32_board.c:1023:5:MIOS32_BOARD_J15_SerDataShift	16	static
mios32_board.c:1067:5:MIOS32_BOARD_J15_RS_Set	0	static
mios32_board.c:1084:5:MIOS32_BOARD_J15_RW_Set	0	static
mios32_board.c:1102:5:MIOS32_BOARD_J15_E_Set	0	static
mios32_board.c:1141:5:MIOS32_BOARD_J15_GetD7In	0	static
mios32_board.c:1155:5:MIOS32_BOARD_J15_D7InPullUpEnable	0	static
mios32_board.c:1176:5:MIOS32_BOARD_J15_PollUnbusy	24	static
mios32_board.c:1246:5:MIOS32_BOARD_DAC_PinInit	40	static
mios32_board.c:1312:5:MIOS32_BOARD_DAC_PinSet	8	static
