mios32_usb.c:802:19:USBD_USR_DeviceDescriptor	0	static
mios32_usb.c:815:19:USBD_USR_LangIDStrDescriptor	0	static
mios32_usb.c:941:13:USBD_USR_Init	0	static
mios32_usb.c:951:13:USBD_USR_DeviceReset	0	static
mios32_usb.c:976:13:USBD_USR_DeviceConnected	0	static
mios32_usb.c:1000:13:USBD_USR_DeviceSuspended	0	static
mios32_usb.c:1012:13:USBD_USR_DeviceResumed	0	static
mios32_usb.c:1045:13:USBH_USR_Init	0	static
mios32_usb.c:1055:13:USBH_USR_DeviceAttached	0	static
mios32_usb.c:1064:13:USBH_USR_UnrecoveredError	0	static
mios32_usb.c:1085:13:USBH_USR_ResetDevice	0	static
mios32_usb.c:1096:13:USBH_USR_DeviceSpeedDetected	0	static
mios32_usb.c:1106:13:USBH_USR_Device_DescAvailable	0	static
mios32_usb.c:1116:13:USBH_USR_DeviceAddressAssigned	0	static
mios32_usb.c:1127:13:USBH_USR_Configuration_DescAvailable	0	static
mios32_usb.c:1139:13:USBH_USR_Manufacturer_String	0	static
mios32_usb.c:1156:13:USBH_USR_Product_String	0	static
mios32_usb.c:1173:13:USBH_USR_SerialNum_String	0	static
mios32_usb.c:1191:13:USBH_USR_EnumerationDone	0	static
mios32_usb.c:1201:13:USBH_USR_DeviceNotSupported	0	static
mios32_usb.c:1212:24:USBH_USR_UserInput	0	static
mios32_usb.c:1223:13:USBH_USR_OverCurrentDetected	0	static
mios32_usb.c:1233:12:USBH_USR_Application	0	static
mios32_usb.c:1244:13:USBH_USR_DeInit	0	static
mios32_usb.c:1497:17:MIOS32_USB_CLASS_Setup	0	static
mios32_usb.c:1511:17:MIOS32_USB_CLASS_EP0_RxReady	0	static
mios32_usb.c:875:19:USBD_USR_SerialStrDescriptor	56	static
mios32_usb.c:829:19:USBD_USR_ProductStrDescriptor	24	static
mios32_usb.c:909:19:USBD_USR_InterfaceStrDescriptor	0	static
mios32_usb.c:896:19:USBD_USR_ConfigStrDescriptor	0	static
mios32_usb.c:1572:17:MIOS32_USB_CLASS_GetUsrStrDesc	0	static
mios32_usb.c:861:19:USBD_USR_ManufacturerStrDescriptor	24	static
mios32_usb.c:1542:17:MIOS32_USB_CLASS_DataOut	8	static
mios32_usb.c:1525:17:MIOS32_USB_CLASS_DataIn	8	static
mios32_usb.c:1478:17:MIOS32_USB_CLASS_DeInit	8	static
mios32_usb.c:1074:13:USBH_USR_DeviceDisconnected	0	static
mios32_usb.c:987:13:USBD_USR_DeviceDisconnected	0	static
mios32_usb.c:962:13:USBD_USR_DeviceConfigured	0	static
mios32_usb.c:1453:17:MIOS32_USB_CLASS_Init	8	static
mios32_usb.c:1288:6:USB_OTG_BSP_Init	24	static
mios32_usb.c:1328:6:USB_OTG_BSP_EnableInterrupt	0	static
mios32_usb.c:1338:6:OTG_FS_IRQHandler	8	static
mios32_usb.c:1359:6:USB_OTG_BSP_uDelay	0	static
mios32_usb.c:1371:6:USB_OTG_BSP_mDelay	0	static
mios32_usb.c:1383:7:USB_OTG_BSP_ConfigVBUS	24	static
mios32_usb.c:1411:6:USB_OTG_BSP_DriveVBUS	0	static
mios32_usb.c:1709:5:MIOS32_USB_IsInitialized	0	static
mios32_usb.c:1721:5:MIOS32_USB_ForceSingleUSB	0	static
mios32_usb.c:1559:18:MIOS32_USB_CLASS_GetCfgDesc	8	static
mios32_usb.c:1735:5:MIOS32_USB_ForceDeviceMode	0	static
mios32_usb.c:1611:5:MIOS32_USB_Init	24	static
