mios32_spi_midi.c:398:12:MIOS32_SPI_MIDI_InitScanBuffer	0	static
mios32_spi_midi.c:231:13:MIOS32_SPI_MIDI_DMA_Callback	8	static
mios32_spi_midi.c:125:5:MIOS32_SPI_MIDI_Enabled	0	static
mios32_spi_midi.c:84:5:MIOS32_SPI_MIDI_Init	8	static
mios32_spi_midi.c:148:5:MIOS32_SPI_MIDI_CheckAvailable	0	static
mios32_spi_midi.c:168:5:MIOS32_SPI_MIDI_Periodic_mS	32	static
mios32_spi_midi.c:288:5:MIOS32_SPI_MIDI_PackageSend_NonBlocking	16	static
mios32_spi_midi.c:328:5:MIOS32_SPI_MIDI_PackageSend	8	static
mios32_spi_midi.c:368:5:MIOS32_SPI_MIDI_PackageReceive	8	static
