mios32_midi.c:189:5:MIOS32_MIDI_Init	16	static
mios32_midi.c:256:5:MIOS32_MIDI_CheckAvailable	0	static
mios32_midi.c:309:5:MIOS32_MIDI_RS_OptimisationSet	0	static
mios32_midi.c:352:5:MIOS32_MIDI_RS_OptimisationGet	0	static
mios32_midi.c:394:5:MIOS32_MIDI_RS_Reset	0	static
mios32_midi.c:446:5:MIOS32_MIDI_SendPackage_NonBlocking	16	static
mios32_midi.c:510:5:MIOS32_MIDI_SendPackage	16	static
mios32_midi.c:582:5:MIOS32_MIDI_SendEvent	16	static
mios32_midi.c:597:5:MIOS32_MIDI_SendNoteOff	0	static
mios32_midi.c:600:5:MIOS32_MIDI_SendNoteOn	0	static
mios32_midi.c:603:5:MIOS32_MIDI_SendPolyPressure	0	static
mios32_midi.c:606:5:MIOS32_MIDI_SendCC	0	static
mios32_midi.c:609:5:MIOS32_MIDI_SendProgramChange	0	static
mios32_midi.c:612:5:MIOS32_MIDI_SendAftertouch	0	static
mios32_midi.c:615:5:MIOS32_MIDI_SendPitchBend	0	static
mios32_midi.c:643:5:MIOS32_MIDI_SendSpecialEvent	8	static
mios32_midi.c:655:5:MIOS32_MIDI_SendMTC	16	static
mios32_midi.c:658:5:MIOS32_MIDI_SendSongPosition	16	static
mios32_midi.c:661:5:MIOS32_MIDI_SendSongSelect	16	static
mios32_midi.c:664:5:MIOS32_MIDI_SendTuneRequest	16	static
mios32_midi.c:667:5:MIOS32_MIDI_SendClock	16	static
mios32_midi.c:670:5:MIOS32_MIDI_SendTick	16	static
mios32_midi.c:673:5:MIOS32_MIDI_SendStart	16	static
mios32_midi.c:676:5:MIOS32_MIDI_SendContinue	16	static
mios32_midi.c:679:5:MIOS32_MIDI_SendStop	16	static
mios32_midi.c:682:5:MIOS32_MIDI_SendActiveSense	16	static
mios32_midi.c:685:5:MIOS32_MIDI_SendReset	16	static
mios32_midi.c:699:5:MIOS32_MIDI_SendSysEx	24	static
mios32_midi.c:1973:12:MIOS32_MIDI_SYSEX_SendAckStr	144	static
mios32_midi.c:1947:12:MIOS32_MIDI_SYSEX_SendAck	40	static
mios32_midi.c:761:5:MIOS32_MIDI_SendDebugStringHeader	24	static
mios32_midi.c:807:5:MIOS32_MIDI_SendDebugStringBody	32	static
mios32_midi.c:860:5:MIOS32_MIDI_SendDebugStringFooter	8	static
mios32_midi.c:895:5:MIOS32_MIDI_SendDebugString	24	static
mios32_midi.c:939:5:MIOS32_MIDI_SendDebugMessage	152	static
mios32_midi.c:2091:12:MIOS32_MIDI_TimeOut	8	static
mios32_midi.c:988:5:MIOS32_MIDI_SendDebugHexDump	120	static
mios32_midi.c:1384:5:MIOS32_MIDI_Periodic_mS	8	static
mios32_midi.c:1445:5:MIOS32_MIDI_DirectTxCallback_Init	0	static
mios32_midi.c:1477:5:MIOS32_MIDI_DirectRxCallback_Init	0	static
mios32_midi.c:1494:5:MIOS32_MIDI_SendByteToRxCallback	8	static
mios32_midi.c:1511:5:MIOS32_MIDI_SendPackageToRxCallback	32	static
mios32_midi.c:1534:5:MIOS32_MIDI_DefaultPortSet	0	static
mios32_midi.c:1548:20:MIOS32_MIDI_DefaultPortGet	0	static
mios32_midi.c:1562:5:MIOS32_MIDI_DebugPortSet	0	static
mios32_midi.c:1729:12:MIOS32_MIDI_SYSEX_Cmd	56	static
mios32_midi.c:1657:12:MIOS32_MIDI_SYSEX_Parser	8	static
mios32_midi.c:1061:5:MIOS32_MIDI_ReceivePackage	40	static
mios32_midi.c:1225:5:MIOS32_MIDI_Receive_Handler	80	static
mios32_midi.c:1576:20:MIOS32_MIDI_DebugPortGet	0	static
mios32_midi.c:1591:5:MIOS32_MIDI_DeviceIDSet	0	static
mios32_midi.c:1605:4:MIOS32_MIDI_DeviceIDGet	0	static
mios32_midi.c:1647:5:MIOS32_MIDI_SysExCallback_Init	0	static
mios32_midi.c:2021:5:MIOS32_MIDI_DebugCommandCallback_Init	0	static
mios32_midi.c:2042:5:MIOS32_MIDI_FilebrowserCommandCallback_Init	0	static
mios32_midi.c:2080:5:MIOS32_MIDI_TimeOutCallback_Init	0	static
