aout.c:825:12:currentValueGet	0	static
aout.c:1498:12:get_dec	16	static
aout.c:258:5:AOUT_Init	8	static
aout.c:347:5:AOUT_IF_Init	24	static
aout.c:487:13:AOUT_IfNameGet	0	static
aout.c:499:5:AOUT_IF_MaxChannelsGet	0	static
aout.c:569:15:AOUT_ConfigGet	8	static
aout.c:578:5:AOUT_ConfigChannelInvertedSet	0	static
aout.c:592:5:AOUT_ConfigChannelHzVSet	0	static
aout.c:611:5:AOUT_CaliModeSet	16	static
aout.c:634:18:AOUT_CaliModeGet	0	static
aout.c:643:4:AOUT_CaliPinGet	0	static
aout.c:651:5:AOUT_CaliCfgValueSet	8	static
aout.c:662:5:AOUT_CaliCfgValueGet	0	static
aout.c:686:13:AOUT_CaliNameGet	0	static
aout.c:740:5:AOUT_PinSet	24	static
aout.c:541:5:AOUT_ConfigSet	32	static
aout.c:809:5:AOUT_PinGet	0	static
aout.c:905:5:AOUT_PinSlewRateSet	0	static
aout.c:921:5:AOUT_PinSlewRateGet	0	static
aout.c:938:5:AOUT_PinSlewRateEnableSet	0	static
aout.c:954:5:AOUT_PinSlewRateEnableGet	0	static
aout.c:971:5:AOUT_PinPitchRangeSet	16	static
aout.c:995:5:AOUT_PinPitchRangeGet	0	static
aout.c:1012:5:AOUT_PinPitchSet	16	static
aout.c:1036:5:AOUT_PinPitchGet	0	static
aout.c:1055:5:AOUT_DigitalPinSet	0	static
aout.c:1083:5:AOUT_DigitalPinGet	0	static
aout.c:1100:5:AOUT_DigitalPinsSet	0	static
aout.c:1119:5:AOUT_DigitalPinsGet	0	static
aout.c:1132:5:AOUT_SuspendSet	0	static
aout.c:1143:5:AOUT_SuspendGet	0	static
aout.c:1155:6:AOUT_CaliPointsPtrGet	0	static
aout.c:1174:5:AOUT_Update	32	static
aout.c:1532:5:AOUT_TerminalHelp	8	static
aout.c:1547:5:AOUT_TerminalParseLine	40	static
aout.c:1684:5:AOUT_TerminalPrintConfig	8	static
