Archive member included because of file (symbol)

c:/toolchain/bin/../lib/gcc/arm-none-eabi/4.7.4/armv7e-m\libgcc.a(_lshrdi3.o)
                              project_build//c/Studium/Bachelor/mios32-master/modules/app_lcd/universal/app_lcd.o (__aeabi_llsr)
c:/toolchain/bin/../lib/gcc/arm-none-eabi/4.7.4/armv7e-m\libgcc.a(_ashldi3.o)
                              project_build//c/Studium/Bachelor/mios32-master/modules/app_lcd/universal/app_lcd.o (__aeabi_llsl)
c:/toolchain/bin/../lib/gcc/arm-none-eabi/4.7.4/armv7e-m\libgcc.a(_arm_addsubdf3.o)
                              project_build//c/Studium/Bachelor/mios32-master/modules/sequencer/seq_bpm.o (__aeabi_ui2d)
c:/toolchain/bin/../lib/gcc/arm-none-eabi/4.7.4/armv7e-m\libgcc.a(_arm_muldivdf3.o)
                              project_build//c/Studium/Bachelor/mios32-master/mios32/common/mios32_osc.o (__aeabi_dmul)
c:/toolchain/bin/../lib/gcc/arm-none-eabi/4.7.4/armv7e-m\libgcc.a(_arm_fixdfsi.o)
                              project_build//c/Studium/Bachelor/mios32-master/mios32/common/mios32_osc.o (__aeabi_d2iz)
c:/toolchain/bin/../lib/gcc/arm-none-eabi/4.7.4/armv7e-m\libgcc.a(_arm_truncdfsf2.o)
                              project_build/src/mbng_event.o (__aeabi_d2f)
c:/toolchain/bin/../lib/gcc/arm-none-eabi/4.7.4/armv7e-m\libgcc.a(_arm_addsubsf3.o)
                              project_build/src/mbng_rgbled.o (__aeabi_fsub)
c:/toolchain/bin/../lib/gcc/arm-none-eabi/4.7.4/armv7e-m\libgcc.a(_arm_muldivsf3.o)
                              project_build/src/mbng_rgbled.o (__aeabi_fmul)
c:/toolchain/bin/../lib/gcc/arm-none-eabi/4.7.4/armv7e-m\libgcc.a(_arm_cmpsf2.o)
                              project_build/src/mbng_rgbled.o (__aeabi_fcmpeq)
c:/toolchain/bin/../lib/gcc/arm-none-eabi/4.7.4/armv7e-m\libgcc.a(_arm_fixsfsi.o)
                              project_build/src/mbng_lcd.o (__aeabi_f2iz)
c:/toolchain/bin/../lib/gcc/arm-none-eabi/4.7.4/armv7e-m\libgcc.a(_arm_fixunssfsi.o)
                              project_build/src/mbng_event.o (__aeabi_f2uiz)
c:/toolchain/bin/../lib/gcc/arm-none-eabi/4.7.4/../../../../arm-none-eabi/lib/armv7e-m\libc_s.a(lib_a-atoi.o)
                              project_build//c/Studium/Bachelor/mios32-master/modules/uip_task_standard/osc_server.o (atoi)
c:/toolchain/bin/../lib/gcc/arm-none-eabi/4.7.4/../../../../arm-none-eabi/lib/armv7e-m\libc_s.a(lib_a-ctype_.o)
                              project_build//c/Studium/Bachelor/mios32-master/programming_models/traditional/strtol.o (__ctype_ptr__)
c:/toolchain/bin/../lib/gcc/arm-none-eabi/4.7.4/../../../../arm-none-eabi/lib/armv7e-m\libc_s.a(lib_a-init.o)
                              project_build//c/Studium/Bachelor/mios32-master/programming_models/traditional/main.o (__libc_init_array)
c:/toolchain/bin/../lib/gcc/arm-none-eabi/4.7.4/../../../../arm-none-eabi/lib/armv7e-m\libc_s.a(lib_a-memcmp.o)
                              project_build//c/Studium/Bachelor/mios32-master/modules/uip_task_standard/dhcpc.o (memcmp)
c:/toolchain/bin/../lib/gcc/arm-none-eabi/4.7.4/../../../../arm-none-eabi/lib/armv7e-m\libc_s.a(lib_a-memcpy.o)
                              project_build/src/mbng_event.o (memcpy)
c:/toolchain/bin/../lib/gcc/arm-none-eabi/4.7.4/../../../../arm-none-eabi/lib/armv7e-m\libc_s.a(lib_a-memmove.o)
                              project_build/src/mbng_event.o (memmove)
c:/toolchain/bin/../lib/gcc/arm-none-eabi/4.7.4/../../../../arm-none-eabi/lib/armv7e-m\libc_s.a(lib_a-memset.o)
                              project_build/src/mbng_patch.o (memset)
c:/toolchain/bin/../lib/gcc/arm-none-eabi/4.7.4/../../../../arm-none-eabi/lib/armv7e-m\libc_s.a(lib_a-puts.o)
                              project_build//c/Studium/Bachelor/mios32-master/modules/uip/uip/psock.o (puts)
c:/toolchain/bin/../lib/gcc/arm-none-eabi/4.7.4/../../../../arm-none-eabi/lib/armv7e-m\libc_s.a(lib_a-stpcpy.o)
                              project_build//c/Studium/Bachelor/mios32-master/mios32/common/mios32_osc.o (stpcpy)
c:/toolchain/bin/../lib/gcc/arm-none-eabi/4.7.4/../../../../arm-none-eabi/lib/armv7e-m\libc_s.a(lib_a-strcasecmp.o)
                              project_build/src/mbng_event.o (strcasecmp)
c:/toolchain/bin/../lib/gcc/arm-none-eabi/4.7.4/../../../../arm-none-eabi/lib/armv7e-m\libc_s.a(lib_a-strcasestr.o)
                              project_build//c/Studium/Bachelor/mios32-master/modules/file/file.o (strcasestr)
c:/toolchain/bin/../lib/gcc/arm-none-eabi/4.7.4/../../../../arm-none-eabi/lib/armv7e-m\libc_s.a(lib_a-strcat.o)
                              project_build/src/scs_config.o (strcat)
c:/toolchain/bin/../lib/gcc/arm-none-eabi/4.7.4/../../../../arm-none-eabi/lib/armv7e-m\libc_s.a(lib_a-strchr.o)
                              project_build//c/Studium/Bachelor/mios32-master/modules/uip_task_standard/osc_server.o (strchr)
c:/toolchain/bin/../lib/gcc/arm-none-eabi/4.7.4/../../../../arm-none-eabi/lib/armv7e-m\libc_s.a(lib_a-strcmp.o)
[...]
Memory Configuration

Name             Origin             Length             Attributes
RAM              0x20000000         0x00020000         xrw
CCMRAM           0x10000000         0x00010000         xrw
FLASH_SECTOR0    0x08000000         0x00004000         xr
FLASH_SECTOR1    0x08004000         0x00004000         xr
FLASH_SECTOR2    0x08008000         0x00004000         xr
FLASH_SECTOR3    0x0800c000         0x00004000         xr
FLASH            0x08010000         0x000f0000         xr
FLASHB1          0x00000000         0x00000000         xr
EXTMEMB0         0x00000000         0x00000000         xr
EXTMEMB1         0x00000000         0x00000000         xr
EXTMEMB2         0x00000000         0x00000000         xr
EXTMEMB3         0x00000000         0x00000000         xr
*default*        0x00000000         0xffffffff

Linker script and memory map

LOAD project_build/src/app.o
LOAD project_build/src/mbng_sysex.o
LOAD project_build/src/mbng_patch.o
LOAD project_build/src/mbng_event.o
LOAD project_build/src/mbng_din.o
LOAD project_build/src/mbng_dout.o
LOAD project_build/src/mbng_dio.o
LOAD project_build/src/mbng_rgbled.o
LOAD project_build/src/mbng_enc.o
LOAD project_build/src/mbng_ain.o
LOAD project_build/src/mbng_ainser.o
LOAD project_build/src/mbng_kb.o
LOAD project_build/src/mbng_matrix.o
LOAD project_build/src/mbng_cv.o
LOAD project_build/src/mbng_mf.o
LOAD project_build/src/mbng_lcd.o
LOAD project_build/src/mbng_seq.o
LOAD project_build/src/mbng_file.o
LOAD project_build/src/mbng_file_c.o
LOAD project_build/src/mbng_file_l.o
LOAD project_build/src/mbng_file_s.o
LOAD project_build/src/mbng_file_r.o
LOAD project_build/src/mbng_file_k.o
LOAD project_build/src/terminal.o
LOAD project_build/src/scs_config.o
LOAD project_build//c/Studium/Bachelor/mios32-master/programming_models/traditional/main.o
LOAD project_build//c/Studium/Bachelor/mios32-master/programming_models/traditional/strtol.o
LOAD project_build//c/Studium/Bachelor/mios32-master/FreeRTOS/Source/tasks.o
LOAD project_build//c/Studium/Bachelor/mios32-master/FreeRTOS/Source/list.o
LOAD project_build//c/Studium/Bachelor/mios32-master/FreeRTOS/Source/queue.o
LOAD project_build//c/Studium/Bachelor/mios32-master/FreeRTOS/Source/timers.o
LOAD project_build//c/Studium/Bachelor/mios32-master/FreeRTOS/Source/portable/GCC/ARM_CM3/port.o
LOAD project_build//c/Studium/Bachelor/mios32-master/FreeRTOS/Source/portable/MemMang/heap_4.o
LOAD project_build//c/Studium/Bachelor/mios32-master/programming_models/traditional/startup_stm32f4xx.o
LOAD project_build//c/Studium/Bachelor/mios32-master/mios32/common/mios32_srio.o
LOAD project_build//c/Studium/Bachelor/mios32-master/mios32/common/mios32_din.o
LOAD project_build//c/Studium/Bachelor/mios32-master/mios32/common/mios32_dout.o
LOAD project_build//c/Studium/Bachelor/mios32-master/mios32/common/mios32_enc.o
LOAD project_build//c/Studium/Bachelor/mios32-master/mios32/common/mios32_lcd.o
LOAD project_build//c/Studium/Bachelor/mios32-master/mios32/common/mios32_midi.o
LOAD project_build//c/Studium/Bachelor/mios32-master/mios32/common/mios32_osc.o
LOAD project_build//c/Studium/Bachelor/mios32-master/mios32/common/mios32_com.o
LOAD project_build//c/Studium/Bachelor/mios32-master/mios32/common/mios32_uart_midi.o
LOAD project_build//c/Studium/Bachelor/mios32-master/mios32/common/mios32_spi_midi.o
LOAD project_build//c/Studium/Bachelor/mios32-master/mios32/common/mios32_iic_midi.o
LOAD project_build//c/Studium/Bachelor/mios32-master/mios32/common/mios32_iic_bs.o
LOAD project_build//c/Studium/Bachelor/mios32-master/mios32/common/mios32_mf.o
LOAD project_build//c/Studium/Bachelor/mios32-master/mios32/common/mios32_sdcard.o
LOAD project_build//c/Studium/Bachelor/mios32-master/mios32/common/mios32_enc28j60.o
LOAD project_build//c/Studium/Bachelor/mios32-master/mios32/common/mios32_timestamp.o
LOAD project_build//c/Studium/Bachelor/mios32-master/mios32/STM32F4xx/mios32_bsl.o
LOAD project_build//c/Studium/Bachelor/mios32-master/mios32/STM32F4xx/mios32_sys.o
LOAD project_build//c/Studium/Bachelor/mios32-master/mios32/STM32F4xx/mios32_irq.o
LOAD project_build//c/Studium/Bachelor/mios32-master/mios32/STM32F4xx/mios32_spi.o
LOAD project_build//c/Studium/Bachelor/mios32-master/mios32/STM32F4xx/mios32_i2s.o
LOAD project_build//c/Studium/Bachelor/mios32-master/mios32/STM32F4xx/mios32_board.o
LOAD project_build//c/Studium/Bachelor/mios32-master/mios32/STM32F4xx/mios32_timer.o
LOAD project_build//c/Studium/Bachelor/mios32-master/mios32/STM32F4xx/mios32_stopwatch.o
LOAD project_build//c/Studium/Bachelor/mios32-master/mios32/STM32F4xx/mios32_delay.o
LOAD project_build//c/Studium/Bachelor/mios32-master/mios32/STM32F4xx/mios32_ain.o
LOAD project_build//c/Studium/Bachelor/mios32-master/mios32/STM32F4xx/mios32_usb.o
LOAD project_build//c/Studium/Bachelor/mios32-master/mios32/STM32F4xx/mios32_usb_midi.o
LOAD project_build//c/Studium/Bachelor/mios32-master/mios32/STM32F4xx/mios32_usb_com.o
LOAD project_build//c/Studium/Bachelor/mios32-master/mios32/STM32F4xx/mios32_uart.o
LOAD project_build//c/Studium/Bachelor/mios32-master/mios32/STM32F4xx/mios32_iic.o
LOAD project_build//c/Studium/Bachelor/mios32-master/mios32/common/printf-stdarg.o
LOAD project_build//c/Studium/Bachelor/mios32-master/drivers/STM32F4xx/v1.1.0/STM32F4xx_StdPeriph_Driver/src/misc.o
LOAD project_build//c/Studium/Bachelor/mios32-master/drivers/STM32F4xx/v1.1.0/STM32F4xx_StdPeriph_Driver/src/stm32f4xx_adc.o
LOAD project_build//c/Studium/Bachelor/mios32-master/drivers/STM32F4xx/v1.1.0/STM32F4xx_StdPeriph_Driver/src/stm32f4xx_can.o
LOAD project_build//c/Studium/Bachelor/mios32-master/drivers/STM32F4xx/v1.1.0/STM32F4xx_StdPeriph_Driver/src/stm32f4xx_crc.o
LOAD project_build//c/Studium/Bachelor/mios32-master/drivers/STM32F4xx/v1.1.0/STM32F4xx_StdPeriph_Driver/src/stm32f4xx_cryp.o
LOAD project_build//c/Studium/Bachelor/mios32-master/drivers/STM32F4xx/v1.1.0/STM32F4xx_StdPeriph_Driver/src/stm32f4xx_cryp_aes.o
LOAD project_build//c/Studium/Bachelor/mios32-master/drivers/STM32F4xx/v1.1.0/STM32F4xx_StdPeriph_Driver/src/stm32f4xx_cryp_des.o
LOAD project_build//c/Studium/Bachelor/mios32-master/drivers/STM32F4xx/v1.1.0/STM32F4xx_StdPeriph_Driver/src/stm32f4xx_cryp_tdes.o
LOAD project_build//c/Studium/Bachelor/mios32-master/drivers/STM32F4xx/v1.1.0/STM32F4xx_StdPeriph_Driver/src/stm32f4xx_dac.o
LOAD project_build//c/Studium/Bachelor/mios32-master/drivers/STM32F4xx/v1.1.0/STM32F4xx_StdPeriph_Driver/src/stm32f4xx_dbgmcu.o
LOAD project_build//c/Studium/Bachelor/mios32-master/drivers/STM32F4xx/v1.1.0/STM32F4xx_StdPeriph_Driver/src/stm32f4xx_dcmi.o
LOAD project_build//c/Studium/Bachelor/mios32-master/drivers/STM32F4xx/v1.1.0/STM32F4xx_StdPeriph_Driver/src/stm32f4xx_dma.o
LOAD project_build//c/Studium/Bachelor/mios32-master/drivers/STM32F4xx/v1.1.0/STM32F4xx_StdPeriph_Driver/src/stm32f4xx_exti.o
LOAD project_build//c/Studium/Bachelor/mios32-master/drivers/STM32F4xx/v1.1.0/STM32F4xx_StdPeriph_Driver/src/stm32f4xx_flash.o
LOAD project_build//c/Studium/Bachelor/mios32-master/drivers/STM32F4xx/v1.1.0/STM32F4xx_StdPeriph_Driver/src/stm32f4xx_fsmc.o
LOAD project_build//c/Studium/Bachelor/mios32-master/drivers/STM32F4xx/v1.1.0/STM32F4xx_StdPeriph_Driver/src/stm32f4xx_gpio.o
LOAD project_build//c/Studium/Bachelor/mios32-master/drivers/STM32F4xx/v1.1.0/STM32F4xx_StdPeriph_Driver/src/stm32f4xx_hash.o
LOAD project_build//c/Studium/Bachelor/mios32-master/drivers/STM32F4xx/v1.1.0/STM32F4xx_StdPeriph_Driver/src/stm32f4xx_hash_md5.o
LOAD project_build//c/Studium/Bachelor/mios32-master/drivers/STM32F4xx/v1.1.0/STM32F4xx_StdPeriph_Driver/src/stm32f4xx_hash_sha1.o
LOAD project_build//c/Studium/Bachelor/mios32-master/drivers/STM32F4xx/v1.1.0/STM32F4xx_StdPeriph_Driver/src/stm32f4xx_i2c.o
LOAD project_build//c/Studium/Bachelor/mios32-master/drivers/STM32F4xx/v1.1.0/STM32F4xx_StdPeriph_Driver/src/stm32f4xx_iwdg.o
LOAD project_build//c/Studium/Bachelor/mios32-master/drivers/STM32F4xx/v1.1.0/STM32F4xx_StdPeriph_Driver/src/stm32f4xx_pwr.o
LOAD project_build//c/Studium/Bachelor/mios32-master/drivers/STM32F4xx/v1.1.0/STM32F4xx_StdPeriph_Driver/src/stm32f4xx_rcc.o
LOAD project_build//c/Studium/Bachelor/mios32-master/drivers/STM32F4xx/v1.1.0/STM32F4xx_StdPeriph_Driver/src/stm32f4xx_rng.o
LOAD project_build//c/Studium/Bachelor/mios32-master/drivers/STM32F4xx/v1.1.0/STM32F4xx_StdPeriph_Driver/src/stm32f4xx_rtc.o
LOAD project_build//c/Studium/Bachelor/mios32-master/drivers/STM32F4xx/v1.1.0/STM32F4xx_StdPeriph_Driver/src/stm32f4xx_sdio.o
LOAD project_build//c/Studium/Bachelor/mios32-master/drivers/STM32F4xx/v1.1.0/STM32F4xx_StdPeriph_Driver/src/stm32f4xx_spi.o
LOAD project_build//c/Studium/Bachelor/mios32-master/drivers/STM32F4xx/v1.1.0/STM32F4xx_StdPeriph_Driver/src/stm32f4xx_syscfg.o
LOAD project_build//c/Studium/Bachelor/mios32-master/drivers/STM32F4xx/v1.1.0/STM32F4xx_StdPeriph_Driver/src/stm32f4xx_tim.o
LOAD project_build//c/Studium/Bachelor/mios32-master/drivers/STM32F4xx/v1.1.0/STM32F4xx_StdPeriph_Driver/src/stm32f4xx_usart.o
LOAD project_build//c/Studium/Bachelor/mios32-master/drivers/STM32F4xx/v1.1.0/STM32F4xx_StdPeriph_Driver/src/stm32f4xx_wwdg.o
LOAD project_build//c/Studium/Bachelor/mios32-master/drivers/STM32F4xx/v1.1.0/STM32_USB_Device_Library/Core/src/usbd_core.o
LOAD project_build//c/Studium/Bachelor/mios32-master/drivers/STM32F4xx/v1.1.0/STM32_USB_Device_Library/Core/src/usbd_ioreq.o
LOAD project_build//c/Studium/Bachelor/mios32-master/drivers/STM32F4xx/v1.1.0/STM32_USB_Device_Library/Core/src/usbd_req.o
LOAD project_build//c/Studium/Bachelor/mios32-master/drivers/STM32F4xx/v1.1.0/STM32_USB_HOST_Library/Core/src/usbh_core.o
LOAD project_build//c/Studium/Bachelor/mios32-master/drivers/STM32F4xx/v1.1.0/STM32_USB_HOST_Library/Core/src/usbh_hcs.o
LOAD project_build//c/Studium/Bachelor/mios32-master/drivers/STM32F4xx/v1.1.0/STM32_USB_HOST_Library/Core/src/usbh_ioreq.o
LOAD project_build//c/Studium/Bachelor/mios32-master/drivers/STM32F4xx/v1.1.0/STM32_USB_HOST_Library/Core/src/usbh_stdreq.o
LOAD project_build//c/Studium/Bachelor/mios32-master/drivers/STM32F4xx/v1.1.0/STM32_USB_OTG_Driver/src/usb_core.o
LOAD project_build//c/Studium/Bachelor/mios32-master/drivers/STM32F4xx/v1.1.0/STM32_USB_OTG_Driver/src/usb_dcd.o
LOAD project_build//c/Studium/Bachelor/mios32-master/drivers/STM32F4xx/v1.1.0/STM32_USB_OTG_Driver/src/usb_dcd_int.o
LOAD project_build//c/Studium/Bachelor/mios32-master/drivers/STM32F4xx/v1.1.0/STM32_USB_OTG_Driver/src/usb_hcd.o
LOAD project_build//c/Studium/Bachelor/mios32-master/drivers/STM32F4xx/v1.1.0/STM32_USB_OTG_Driver/src/usb_hcd_int.o
LOAD project_build//c/Studium/Bachelor/mios32-master/drivers/STM32F4xx/v1.1.0/STM32_USB_OTG_Driver/src/usb_otg.o
LOAD project_build//c/Studium/Bachelor/mios32-master/modules/app_lcd/universal/app_lcd.o
LOAD project_build//c/Studium/Bachelor/mios32-master/modules/glcd_font/glcd_font_normal.o
LOAD project_build//c/Studium/Bachelor/mios32-master/modules/glcd_font/glcd_font_normal_inv.o
LOAD project_build//c/Studium/Bachelor/mios32-master/modules/glcd_font/glcd_font_big.o
LOAD project_build//c/Studium/Bachelor/mios32-master/modules/glcd_font/glcd_font_small.o
LOAD project_build//c/Studium/Bachelor/mios32-master/modules/glcd_font/glcd_font_tiny.o
LOAD project_build//c/Studium/Bachelor/mios32-master/modules/glcd_font/glcd_font_knob_icons.o
LOAD project_build//c/Studium/Bachelor/mios32-master/modules/glcd_font/glcd_font_meter_icons_h.o
LOAD project_build//c/Studium/Bachelor/mios32-master/modules/glcd_font/glcd_font_meter_icons_v.o
LOAD project_build//c/Studium/Bachelor/mios32-master/modules/midi_router/midi_router.o
LOAD project_build//c/Studium/Bachelor/mios32-master/modules/midi_router/midi_port.o
LOAD project_build//c/Studium/Bachelor/mios32-master/modules/midimon/midimon.o
LOAD project_build//c/Studium/Bachelor/mios32-master/modules/uip/uip/uip.o
LOAD project_build//c/Studium/Bachelor/mios32-master/modules/uip/uip/uip_arp.o
LOAD project_build//c/Studium/Bachelor/mios32-master/modules/uip/uip/uiplib.o
LOAD project_build//c/Studium/Bachelor/mios32-master/modules/uip/uip/psock.o
LOAD project_build//c/Studium/Bachelor/mios32-master/modules/uip/uip/timer.o
LOAD project_build//c/Studium/Bachelor/mios32-master/modules/uip/uip/uip-neighbor.o
LOAD project_build//c/Studium/Bachelor/mios32-master/modules/uip/lib/memb.o
LOAD project_build//c/Studium/Bachelor/mios32-master/modules/uip/mios32/clock-arch.o
LOAD project_build//c/Studium/Bachelor/mios32-master/modules/uip/mios32/STM32F4xx/network-device.o
LOAD project_build//c/Studium/Bachelor/mios32-master/modules/uip_task_standard/uip_task.o
LOAD project_build//c/Studium/Bachelor/mios32-master/modules/uip_task_standard/dhcpc.o
LOAD project_build//c/Studium/Bachelor/mios32-master/modules/uip_task_standard/osc_server.o
LOAD project_build//c/Studium/Bachelor/mios32-master/modules/uip_task_standard/osc_client.o
LOAD project_build//c/Studium/Bachelor/mios32-master/modules/uip_task_standard/uip_terminal.o
LOAD project_build//c/Studium/Bachelor/mios32-master/modules/freertos_utils/freertos_utils.o
LOAD project_build//c/Studium/Bachelor/mios32-master/modules/keyboard/keyboard.o
LOAD project_build//c/Studium/Bachelor/mios32-master/modules/ainser/ainser.o
LOAD project_build//c/Studium/Bachelor/mios32-master/modules/aout/aout.o
LOAD project_build//c/Studium/Bachelor/mios32-master/modules/max72xx/max72xx.o
LOAD project_build//c/Studium/Bachelor/mios32-master/modules/ws2812/ws2812.o
LOAD project_build//c/Studium/Bachelor/mios32-master/modules/notestack/notestack.o
LOAD project_build//c/Studium/Bachelor/mios32-master/modules/fatfs/src/diskio.o
LOAD project_build//c/Studium/Bachelor/mios32-master/modules/fatfs/src/option/ccsbcs.o
LOAD project_build//c/Studium/Bachelor/mios32-master/modules/fatfs/src/ff.o
LOAD project_build//c/Studium/Bachelor/mios32-master/modules/file/file.o
LOAD project_build//c/Studium/Bachelor/mios32-master/modules/md5/md5.o
LOAD project_build//c/Studium/Bachelor/mios32-master/modules/sequencer/seq_bpm.o
LOAD project_build//c/Studium/Bachelor/mios32-master/modules/sequencer/seq_midi_out.o
LOAD project_build//c/Studium/Bachelor/mios32-master/modules/msd/STM32F4xx/msd.o
LOAD project_build//c/Studium/Bachelor/mios32-master/modules/scs/scs.o
LOAD project_build//c/Studium/Bachelor/mios32-master/modules/scs/scs_lcd.o
LOAD project_build//c/Studium/Bachelor/mios32-master/programming_models/traditional/mini_cpp.o
LOAD project_build//c/Studium/Bachelor/mios32-master/programming_models/traditional/freertos_heap.o
LOAD c:/toolchain/bin/../lib/gcc/arm-none-eabi/4.7.4/../../../../arm-none-eabi/lib/armv7e-m\libstdc++_s.a
START GROUP
LOAD c:/toolchain/bin/../lib/gcc/arm-none-eabi/4.7.4/armv7e-m\libgcc.a
LOAD c:/toolchain/bin/../lib/gcc/arm-none-eabi/4.7.4/../../../../arm-none-eabi/lib/armv7e-m\libc_s.a
END GROUP
                0x20020000                _estack = 0x20020000
                0x00000080                __Stack_Size = 0x80
                0x00000080                PROVIDE (_Stack_Size, __Stack_Size)
                0x2001ff80                __Stack_Init = (_estack - __Stack_Size)
                0x2001ff80                PROVIDE (_Stack_Init, __Stack_Init)
                0x00000100                _Minimum_Stack_Size = 0x100
                0x42000000                PERIPH_BB_BASE = 0x42000000
                0x22000000                SRAM_BB_BASE = 0x22000000
                0x20000000                SRAM_BASE = 0x20000000
                0x40000000                PERIPH_BASE = 0x40000000
                0x40022000                PROVIDE (FLASH_BASE, 0x40022000)
                0x1ffff800                PROVIDE (OB_BASE, 0x1ffff800)
                0x40000000                APB1PERIPH_BASE = PERIPH_BASE
                0x40010000                APB2PERIPH_BASE = (PERIPH_BASE + 0x10000)
                0x40020000                AHBPERIPH_BASE = (PERIPH_BASE + 0x20000)
                0x40000000                PROVIDE (TIM2, (APB1PERIPH_BASE + 0x0))
                0x40000400                PROVIDE (TIM3, (APB1PERIPH_BASE + 0x400))
                0x40000800                PROVIDE (TIM4, (APB1PERIPH_BASE + 0x800))
                0x40002800                PROVIDE (RTC, (APB1PERIPH_BASE + 0x2800))
                0x40002c00                PROVIDE (WWDG, (APB1PERIPH_BASE + 0x2c00))
                0x40003000                PROVIDE (IWDG, (APB1PERIPH_BASE + 0x3000))
                0x40003800                PROVIDE (SPI2, (APB1PERIPH_BASE + 0x3800))
                0x40004400                PROVIDE (USART2, (APB1PERIPH_BASE + 0x4400))
                0x40004800                PROVIDE (USART3, (APB1PERIPH_BASE + 0x4800))
                0x40005400                PROVIDE (I2C1, (APB1PERIPH_BASE + 0x5400))
                0x40005800                PROVIDE (I2C2, (APB1PERIPH_BASE + 0x5800))
                0x40006400                PROVIDE (CAN, (APB1PERIPH_BASE + 0x6400))
                0x40006c00                PROVIDE (BKP, (APB1PERIPH_BASE + 0x6c00))
                0x40007000                PROVIDE (PWR, (APB1PERIPH_BASE + 0x7000))
                0x40010000                PROVIDE (AFIO, (APB2PERIPH_BASE + 0x0))
                0x40010400                PROVIDE (EXTI, (APB2PERIPH_BASE + 0x400))
                0x40010800                PROVIDE (GPIOA, (APB2PERIPH_BASE + 0x800))
                0x40010c00                PROVIDE (GPIOB, (APB2PERIPH_BASE + 0xc00))
                0x40011000                PROVIDE (GPIOC, (APB2PERIPH_BASE + 0x1000))
                0x40011400                PROVIDE (GPIOD, (APB2PERIPH_BASE + 0x1400))
                0x40011800                PROVIDE (GPIOE, (APB2PERIPH_BASE + 0x1800))
                0x40012400                PROVIDE (ADC1, (APB2PERIPH_BASE + 0x2400))
                0x40012800                PROVIDE (ADC2, (APB2PERIPH_BASE + 0x2800))
                0x40012c00                PROVIDE (TIM1, (APB2PERIPH_BASE + 0x2c00))
                0x40013000                PROVIDE (SPI1, (APB2PERIPH_BASE + 0x3000))
                0x40013800                PROVIDE (USART1, (APB2PERIPH_BASE + 0x3800))
                0x40020000                PROVIDE (DMA, (AHBPERIPH_BASE + 0x0))
                0x40020008                PROVIDE (DMA_Channel1, (AHBPERIPH_BASE + 0x8))
                0x4002001c                PROVIDE (DMA_Channel2, (AHBPERIPH_BASE + 0x1c))
                0x40020030                PROVIDE (DMA_Channel3, (AHBPERIPH_BASE + 0x30))
                0x40020044                PROVIDE (DMA_Channel4, (AHBPERIPH_BASE + 0x44))
                0x40020058                PROVIDE (DMA_Channel5, (AHBPERIPH_BASE + 0x58))
                0x4002006c                PROVIDE (DMA_Channel6, (AHBPERIPH_BASE + 0x6c))
                0x40020080                PROVIDE (DMA_Channel7, (AHBPERIPH_BASE + 0x80))
                0x40021000                PROVIDE (RCC, (AHBPERIPH_BASE + 0x1000))
                0xe000e000                SCS_BASE = 0xe000e000
                0xe000e010                PROVIDE (SysTick, (SCS_BASE + 0x10))
                0xe000e100                PROVIDE (NVIC, (SCS_BASE + 0x100))
                0xe000ed00                PROVIDE (SCB, (SCS_BASE + 0xd00))

.mios32_bsl     0x08000000     0x4000
                0x08000000                . = ALIGN (0x4)
 *(.mios32_bsl)
 .mios32_bsl    0x08000000     0x4000 project_build//c/Studium/Bachelor/mios32-master/mios32/STM32F4xx/mios32_bsl.o
                0x08000000                mios32_bsl_image
                0x08004000                . = ALIGN (0x4)

.isr_vector     0x08004000      0x188
                0x08004000                _mios32_sys_isr_vector = .
                0x08004000                . = ALIGN (0x4)
 *(.isr_vector)
 .isr_vector    0x08004000      0x188 project_build//c/Studium/Bachelor/mios32-master/programming_models/traditional/startup_stm32f4xx.o
                0x08004000                g_pfnVectors
                0x08004188                . = ALIGN (0x4)
                0x08004000                PROVIDE (mios32_sys_isr_vector, _mios32_sys_isr_vector)

.flashtext      0x08010000        0x0
                0x08010000                . = ALIGN (0x4)
 *(.flashtext)
                0x08010000                . = ALIGN (0x4)

.text           0x08010000    0x300d8
                0x08010000                . = ALIGN (0x4)
 CREATE_OBJECT_SYMBOLS
 *(.text .text.* .gnu.linkonce.t.*)
 .text.APP_SRIO_ServiceFinish
                0x08010000       0x48 project_build/src/app.o
                0x08010000                APP_SRIO_ServiceFinish
 .text.APP_SYSEX_Parser
                0x08010048       0x26 project_build/src/app.o
                0x08010048                APP_SYSEX_Parser
 *fill*         0x0801006e        0x2 00
 .text.APP_AINSER_NotifyChange
                0x08010070       0x14 project_build/src/app.o
 .text.NOTIFY_MIDI_TimeOut
                0x08010084       0x20 project_build/src/app.o
 .text.NOTIFY_MIDI_Tx
                0x080100a4        0x4 project_build/src/app.o
 .text.NOTIFY_MIDI_Rx
                0x080100a8       0x16 project_build/src/app.o
 *fill*         0x080100be        0x2 00
 .text.APP_Init
                0x080100c0      0x15c project_build/src/app.o
                0x080100c0                APP_Init
 .text.APP_Background
                0x0801021c      0x318 project_build/src/app.o
                0x0801021c                APP_Background
 .text.APP_Tick
                0x08010534       0x3c project_build/src/app.o
                0x08010534                APP_Tick
 .text.APP_MIDI_Tick
                0x08010570       0x34 project_build/src/app.o
                0x08010570                APP_MIDI_Tick
 .text.APP_MIDI_NotifyPackage
                0x080105a4       0x54 project_build/src/app.o
                0x080105a4                APP_MIDI_NotifyPackage
 .text.APP_SRIO_ServiceFinishBeforeDINCompare
                0x080105f8       0x84 project_build/src/app.o
                0x080105f8                APP_SRIO_ServiceFinishBeforeDINCompare
 .text.APP_DIN_NotifyToggle
                0x0801067c       0x10 project_build/src/app.o
                0x0801067c                APP_DIN_NotifyToggle
 .text.APP_ENC_NotifyChange
                0x0801068c        0xe project_build/src/app.o
                0x0801068c                APP_ENC_NotifyChange
 *fill*         0x0801069a        0x2 00
 .text.APP_AIN_NotifyChange
                0x0801069c       0x14 project_build/src/app.o
                0x0801069c                APP_AIN_NotifyChange
 .text.TASK_MSD_EnableSet
                0x080106b0       0x30 project_build/src/app.o
                0x080106b0                TASK_MSD_EnableSet
 .text.TASK_MSD_EnableGet
                0x080106e0       0x14 project_build/src/app.o
                0x080106e0                TASK_MSD_EnableGet
 .text.TASK_MSD_FlagStrGet
                0x080106f4       0x48 project_build/src/app.o
                0x080106f4                TASK_MSD_FlagStrGet
 .text.APP_J16SemaphoreTake
                0x0801073c       0x28 project_build/src/app.o
                0x0801073c                APP_J16SemaphoreTake
 .text.APP_J16SemaphoreGive
                0x08010764       0x1c project_build/src/app.o
                0x08010764                APP_J16SemaphoreGive
 .text.APP_MUTEX_MIDIOUT_Take
                0x08010780       0x1c project_build/src/app.o
                0x08010780                APP_MUTEX_MIDIOUT_Take
 .text.APP_MUTEX_MIDIOUT_Give
                0x0801079c       0x10 project_build/src/app.o
                0x0801079c                APP_MUTEX_MIDIOUT_Give
 .text.APP_MUTEX_MIDIIN_Take
                0x080107ac       0x18 project_build/src/app.o
                0x080107ac                APP_MUTEX_MIDIIN_Take
 .text.APP_MUTEX_MIDIIN_Give
                0x080107c4        0xc project_build/src/app.o
                0x080107c4                APP_MUTEX_MIDIIN_Give
 .text.MBNG_SYSEX_Init
                0x080107d0       0x1c project_build/src/mbng_sysex.o
                0x080107d0                MBNG_SYSEX_Init
 .text.MBNG_SYSEX_SendAck
                0x080107ec       0x38 project_build/src/mbng_sysex.o
                0x080107ec                MBNG_SYSEX_SendAck
 .text.MBNG_SYSEX_Cmd
                0x08010824       0xa8 project_build/src/mbng_sysex.o
 .text.MBNG_SYSEX_TimeOut
                0x080108cc       0x30 project_build/src/mbng_sysex.o
                0x080108cc                MBNG_SYSEX_TimeOut
 .text.MBNG_SYSEX_Parser
                0x080108fc       0xa4 project_build/src/mbng_sysex.o
                0x080108fc                MBNG_SYSEX_Parser
 .text.MBNG_PATCH_Init
                0x080109a0      0x1cc project_build/src/mbng_patch.o
                0x080109a0                MBNG_PATCH_Init
 .text.MBNG_PATCH_Load
                0x08010b6c       0x54 project_build/src/mbng_patch.o
                0x08010b6c                MBNG_PATCH_Load
 .text.MBNG_PATCH_Store
                0x08010bc0       0x34 project_build/src/mbng_patch.o
                0x08010bc0                MBNG_PATCH_Store
 .text.MBNG_EVENT_ItemCopy2User
                0x08010bf4      0x188 project_build/src/mbng_event.o
 .text.MBNG_EVENT_LCMeters_Update
                0x08010d7c       0x60 project_build/src/mbng_event.o
 .text.MBNG_EVENT_ItemCalcPoolItemLen
                0x08010ddc       0x76 project_build/src/mbng_event.o
 .text.MBNG_EVENT_ItemCopy2Pool
                0x08010e52      0x1d8 project_build/src/mbng_event.o
 *fill*         0x0801102a        0x2 00
 .text.MBNG_EVENT_Tick
                0x0801102c       0x9c project_build/src/mbng_event.o
                0x0801102c                MBNG_EVENT_Tick
 .text.MBNG_EVENT_PoolClear
                0x080110c8       0x40 project_build/src/mbng_event.o
                0x080110c8                MBNG_EVENT_PoolClear
 .text.MBNG_EVENT_PoolUpdate
                0x08011108       0x5c project_build/src/mbng_event.o
                0x08011108                MBNG_EVENT_PoolUpdate
 .text.MBNG_EVENT_PoolPrint
                0x08011164       0x2c project_build/src/mbng_event.o
                0x08011164                MBNG_EVENT_PoolPrint
 .text.MBNG_EVENT_PoolMapsPrint
                0x08011190      0x12c project_build/src/mbng_event.o
                0x08011190                MBNG_EVENT_PoolMapsPrint
 .text.MBNG_EVENT_PoolNumItemsGet
                0x080112bc        0xc project_build/src/mbng_event.o
                0x080112bc                MBNG_EVENT_PoolNumItemsGet
 .text.MBNG_EVENT_PoolNumMapsGet
                0x080112c8        0xc project_build/src/mbng_event.o
                0x080112c8                MBNG_EVENT_PoolNumMapsGet
 .text.MBNG_EVENT_PoolSizeGet
                0x080112d4        0xc project_build/src/mbng_event.o
                0x080112d4                MBNG_EVENT_PoolSizeGet
 .text.MBNG_EVENT_PoolMaxSizeGet
                0x080112e0        0x6 project_build/src/mbng_event.o
                0x080112e0                MBNG_EVENT_PoolMaxSizeGet
 *fill*         0x080112e6        0x2 00
 .text.MBNG_EVENT_MapAdd
                0x080112e8       0x58 project_build/src/mbng_event.o
                0x080112e8                MBNG_EVENT_MapAdd
 .text.MBNG_EVENT_MapGet
                0x08011340       0x44 project_build/src/mbng_event.o
                0x08011340                MBNG_EVENT_MapGet
 .text.MBNG_EVENT_MapValue
                0x08011384      0x1b6 project_build/src/mbng_event.o
                0x08011384                MBNG_EVENT_MapValue
 .text.MBNG_EVENT_MapIxFromValue
                0x0801153a       0x80 project_build/src/mbng_event.o
                0x0801153a                MBNG_EVENT_MapIxFromValue
 *fill*         0x080115ba        0x2 00
 .text.MBNG_EVENT_SelectedBankGet
                0x080115bc        0xc project_build/src/mbng_event.o
                0x080115bc                MBNG_EVENT_SelectedBankGet
 .text.MBNG_EVENT_HwIdBankGet
                0x080115c8       0x40 project_build/src/mbng_event.o
                0x080115c8                MBNG_EVENT_HwIdBankGet
 .text.MBNG_EVENT_ItemNoDumpDefault
                0x08011608       0x6e project_build/src/mbng_event.o
                0x08011608                MBNG_EVENT_ItemNoDumpDefault
 .text.MBNG_EVENT_ItemInit
                0x08011676       0xd8 project_build/src/mbng_event.o
                0x08011676                MBNG_EVENT_ItemInit
 *fill*         0x0801174e        0x2 00
 .text.MBNG_EVENT_ItemGet
                0x08011750       0x34 project_build/src/mbng_event.o
                0x08011750                MBNG_EVENT_ItemGet
 .text.MBNG_EVENT_ItemAdd
                0x08011784       0x7c project_build/src/mbng_event.o
                0x08011784                MBNG_EVENT_ItemAdd
 .text.MBNG_EVENT_ItemModify
                0x08011800       0xdc project_build/src/mbng_event.o
                0x08011800                MBNG_EVENT_ItemModify
 .text.MBNG_EVENT_ItemSearchById
                0x080118dc       0x70 project_build/src/mbng_event.o
                0x080118dc                MBNG_EVENT_ItemSearchById
 .text.MBNG_EVENT_ItemSearchByHwId
                0x0801194c       0x78 project_build/src/mbng_event.o
                0x0801194c                MBNG_EVENT_ItemSearchByHwId
 .text.MBNG_EVENT_ItemRetrieveValues
                0x080119c4       0x54 project_build/src/mbng_event.o
                0x080119c4                MBNG_EVENT_ItemRetrieveValues
 .text.MBNG_EVENT_ItemCopyValueToPool
                0x08011a18       0x34 project_build/src/mbng_event.o
                0x08011a18                MBNG_EVENT_ItemCopyValueToPool
 .text.MBNG_EVENT_ItemSetNoDump
                0x08011a4c       0x2c project_build/src/mbng_event.o
                0x08011a4c                MBNG_EVENT_ItemSetNoDump
 .text.MBNG_EVENT_ItemSetLock
                0x08011a78       0x20 project_build/src/mbng_event.o
                0x08011a78                MBNG_EVENT_ItemSetLock
 .text.MBNG_EVENT_ItemSetMapIx
                0x08011a98       0x1c project_build/src/mbng_event.o
                0x08011a98                MBNG_EVENT_ItemSetMapIx
 .text.MBNG_EVENT_MapItemValueInc
                0x08011ab4       0xc2 project_build/src/mbng_event.o
                0x08011ab4                MBNG_EVENT_MapItemValueInc
 *fill*         0x08011b76        0x2 00
 .text.MBNG_EVENT_ItemCheckMatchingCondition
                0x08011b78       0xbc project_build/src/mbng_event.o
                0x08011b78                MBNG_EVENT_ItemCheckMatchingCondition
 .text.MBNG_EVENT_LCMeters_Init
                0x08011c34       0x28 project_build/src/mbng_event.o
                0x08011c34                MBNG_EVENT_LCMeters_Init
 .text.MBNG_EVENT_MidiLearnModeSet
                0x08011c5c       0x50 project_build/src/mbng_event.o
                0x08011c5c                MBNG_EVENT_MidiLearnModeSet
 .text.MBNG_EVENT_Init
                0x08011cac      0x1bc project_build/src/mbng_event.o
                0x08011cac                MBNG_EVENT_Init
 .text.MBNG_EVENT_MidiLearnModeGet
                0x08011e68        0xc project_build/src/mbng_event.o
                0x08011e68                MBNG_EVENT_MidiLearnModeGet
 .text.MBNG_EVENT_MidiLearnStatusMsg
                0x08011e74       0xa8 project_build/src/mbng_event.o
                0x08011e74                MBNG_EVENT_MidiLearnStatusMsg
 .text.MBNG_EVENT_EventLearnIdSet
                0x08011f1c       0x3c project_build/src/mbng_event.o
                0x08011f1c                MBNG_EVENT_EventLearnIdSet
 .text.MBNG_EVENT_EventLearnIdGet
                0x08011f58        0xc project_build/src/mbng_event.o
                0x08011f58                MBNG_EVENT_EventLearnIdGet
 .text.MBNG_EVENT_ItemControllerStrGet
                0x08011f64       0xd0 project_build/src/mbng_event.o
                0x08011f64                MBNG_EVENT_ItemControllerStrGet
 .text.MBNG_EVENT_EventLearnIt
                0x08012034      0x22c project_build/src/mbng_event.o
                0x08012034                MBNG_EVENT_EventLearnIt
 .text.MBNG_EVENT_EventLearnStatusMsg
                0x08012260       0x98 project_build/src/mbng_event.o
                0x08012260                MBNG_EVENT_EventLearnStatusMsg
 .text.MBNG_EVENT_MidiLearnIt
                0x080122f8      0x2d4 project_build/src/mbng_event.o
                0x080122f8                MBNG_EVENT_MidiLearnIt
 .text.MBNG_EVENT_ItemIdFromControllerStrGet
                0x080125cc      0x124 project_build/src/mbng_event.o
                0x080125cc                MBNG_EVENT_ItemIdFromControllerStrGet
 .text.MBNG_EVENT_ItemTypeStrGet
                0x080126f0       0x20 project_build/src/mbng_event.o
                0x080126f0                MBNG_EVENT_ItemTypeStrGet
 .text.MBNG_EVENT_ItemTypeFromStrGet
                0x08012710      0x140 project_build/src/mbng_event.o
                0x08012710                MBNG_EVENT_ItemTypeFromStrGet
 .text.MBNG_EVENT_ItemConditionStrGet
                0x08012850       0x20 project_build/src/mbng_event.o
                0x08012850                MBNG_EVENT_ItemConditionStrGet
 .text.MBNG_EVENT_ItemConditionFromStrGet
                0x08012870       0x98 project_build/src/mbng_event.o
                0x08012870                MBNG_EVENT_ItemConditionFromStrGet
 .text.MBNG_EVENT_ItemButtonModeStrGet
                0x08012908       0x24 project_build/src/mbng_event.o
                0x08012908                MBNG_EVENT_ItemButtonModeStrGet
 .text.MBNG_EVENT_ItemButtonModeFromStrGet
                0x0801292c       0x3c project_build/src/mbng_event.o
                0x0801292c                MBNG_EVENT_ItemButtonModeFromStrGet
 .text.MBNG_EVENT_ItemAinModeStrGet
                0x08012968       0x24 project_build/src/mbng_event.o
                0x08012968                MBNG_EVENT_ItemAinModeStrGet
 .text.MBNG_EVENT_ItemAinModeFromStrGet
                0x0801298c       0x74 project_build/src/mbng_event.o
                0x0801298c                MBNG_EVENT_ItemAinModeFromStrGet
 .text.MBNG_EVENT_ItemAinSensorModeStrGet
                0x08012a00       0x1c project_build/src/mbng_event.o
                0x08012a00                MBNG_EVENT_ItemAinSensorModeStrGet
 .text.MBNG_EVENT_ItemAinSensorModeFromStrGet
                0x08012a1c       0x28 project_build/src/mbng_event.o
                0x08012a1c                MBNG_EVENT_ItemAinSensorModeFromStrGet
 .text.MBNG_EVENT_ItemEncModeStrGet
                0x08012a44       0x1c project_build/src/mbng_event.o
                0x08012a44                MBNG_EVENT_ItemEncModeStrGet
 .text.MBNG_EVENT_ItemEncModeFromStrGet
                0x08012a60       0x98 project_build/src/mbng_event.o
                0x08012a60                MBNG_EVENT_ItemEncModeFromStrGet
 .text.MBNG_EVENT_ItemEncSpeedModeStrGet
                0x08012af8       0x24 project_build/src/mbng_event.o
                0x08012af8                MBNG_EVENT_ItemEncSpeedModeStrGet
 .text.MBNG_EVENT_ItemEncSpeedModeFromStrGet
                0x08012b1c       0x50 project_build/src/mbng_event.o
                0x08012b1c                MBNG_EVENT_ItemEncSpeedModeFromStrGet
 .text.MBNG_EVENT_ItemLedMatrixPatternStrGet
                0x08012b6c       0x24 project_build/src/mbng_event.o
                0x08012b6c                MBNG_EVENT_ItemLedMatrixPatternStrGet
 .text.MBNG_EVENT_ItemLedMatrixPatternFromStrGet
                0x08012b90       0xf0 project_build/src/mbng_event.o
                0x08012b90                MBNG_EVENT_ItemLedMatrixPatternFromStrGet
 .text.MBNG_EVENT_ItemRgbLedPatternStrGet
                0x08012c80       0x14 project_build/src/mbng_event.o
                0x08012c80                MBNG_EVENT_ItemRgbLedPatternStrGet
 .text.MBNG_EVENT_ItemRgbLedPatternFromStrGet
                0x08012c94       0x28 project_build/src/mbng_event.o
                0x08012c94                MBNG_EVENT_ItemRgbLedPatternFromStrGet
 .text.MBNG_EVENT_ItemNrpnFormatStrGet
                0x08012cbc       0x28 project_build/src/mbng_event.o
                0x08012cbc                MBNG_EVENT_ItemNrpnFormatStrGet
 .text.MBNG_EVENT_ItemNrpnFormatFromStrGet
                0x08012ce4       0x3c project_build/src/mbng_event.o
                0x08012ce4                MBNG_EVENT_ItemNrpnFormatFromStrGet
 .text.MBNG_EVENT_ItemSysExVarStrGet
                0x08012d20       0x28 project_build/src/mbng_event.o
                0x08012d20                MBNG_EVENT_ItemSysExVarStrGet
 .text.MBNG_EVENT_ItemSysExVarFromStrGet
                0x08012d48      0x2c8 project_build/src/mbng_event.o
                0x08012d48                MBNG_EVENT_ItemSysExVarFromStrGet
 .text.MBNG_EVENT_ItemMetaTypeStrGet
                0x08013010       0x1c project_build/src/mbng_event.o
                0x08013010                MBNG_EVENT_ItemMetaTypeStrGet
 .text.MBNG_EVENT_ItemMetaTypeFromStrGet
                0x0801302c      0x4fc project_build/src/mbng_event.o
                0x0801302c                MBNG_EVENT_ItemMetaTypeFromStrGet
 .text.MBNG_EVENT_ItemMetaNumBytesGet
                0x08013528       0x18 project_build/src/mbng_event.o
                0x08013528                MBNG_EVENT_ItemMetaNumBytesGet
 .text.MBNG_EVENT_ItemPrint
                0x08013540      0x64c project_build/src/mbng_event.o
                0x08013540                MBNG_EVENT_ItemPrint
 .text.MBNG_EVENT_ItemSearchByHwIdAndPrint
                0x08013b8c       0x44 project_build/src/mbng_event.o
                0x08013b8c                MBNG_EVENT_ItemSearchByHwIdAndPrint
 .text.MBNG_EVENT_ItemSearchByIdAndPrint
                0x08013bd0       0x44 project_build/src/mbng_event.o
                0x08013bd0                MBNG_EVENT_ItemSearchByIdAndPrint
 .text.MBNG_EVENT_PoolItemsPrint
                0x08013c14       0x54 project_build/src/mbng_event.o
                0x08013c14                MBNG_EVENT_PoolItemsPrint
 .text.MBNG_EVENT_SendOptimizedNRPN
                0x08013c68      0x148 project_build/src/mbng_event.o
                0x08013c68                MBNG_EVENT_SendOptimizedNRPN
 .text.MBNG_EVENT_SendSysExStream
                0x08013db0      0x3a8 project_build/src/mbng_event.o
                0x08013db0                MBNG_EVENT_SendSysExStream
 .text.MBNG_EVENT_UpdateLCD
                0x08014158       0x84 project_build/src/mbng_event.o
                0x08014158                MBNG_EVENT_UpdateLCD
 .text.MBNG_EVENT_Dump
                0x080141dc       0x5c project_build/src/mbng_event.o
                0x080141dc                MBNG_EVENT_Dump
 .text.MBNG_EVENT_ExecMeta
                0x08014238      0x518 project_build/src/mbng_event.o
                0x08014238                MBNG_EVENT_ExecMeta
 .text.MBNG_EVENT_ItemSend
                0x08014750      0x2ec project_build/src/mbng_event.o
                0x08014750                MBNG_EVENT_ItemSend
 .text.MBNG_EVENT_ItemForwardToRadioGroup
                0x08014a3c      0x11c project_build/src/mbng_event.o
                0x08014a3c                MBNG_EVENT_ItemForwardToRadioGroup
 .text.MBNG_EVENT_ItemReceive
                0x08014b58      0x360 project_build/src/mbng_event.o
                0x08014b58                MBNG_EVENT_ItemReceive
 .text.MBNG_EVENT_NotifySyxDump
                0x08014eb8       0x5c project_build/src/mbng_event.o
 .text.MBNG_EVENT_Refresh
                0x08014f14       0x58 project_build/src/mbng_event.o
                0x08014f14                MBNG_EVENT_Refresh
 .text.MBNG_EVENT_SelectedBankSet
                0x08014f6c       0x5c project_build/src/mbng_event.o
                0x08014f6c                MBNG_EVENT_SelectedBankSet
 .text.MBNG_EVENT_ItemSendVirtual
                0x08014fc8       0x86 project_build/src/mbng_event.o
                0x08014fc8                MBNG_EVENT_ItemSendVirtual
 *fill*         0x0801504e        0x2 00
 .text.MBNG_EVENT_ItemForward
                0x08015050       0xd8 project_build/src/mbng_event.o
                0x08015050                MBNG_EVENT_ItemForward
 .text.MBNG_EVENT_ItemSetActive
                0x08015128       0x54 project_build/src/mbng_event.o
                0x08015128                MBNG_EVENT_ItemSetActive
 .text.MBNG_EVENT_HwIdBankSet
                0x0801517c       0x74 project_build/src/mbng_event.o
                0x0801517c                MBNG_EVENT_HwIdBankSet
 .text.MBNG_EVENT_NotifySendValue
                0x080151f0      0x100 project_build/src/mbng_event.o
                0x080151f0                MBNG_EVENT_NotifySendValue
 .text.MBNG_EVENT_MIDI_NotifyPackage
                0x080152f0      0x5c0 project_build/src/mbng_event.o
                0x080152f0                MBNG_EVENT_MIDI_NotifyPackage
 .text.MBNG_EVENT_ReceiveSysEx
                0x080158b0      0x444 project_build/src/mbng_event.o
                0x080158b0                MBNG_EVENT_ReceiveSysEx
 .text.MBNG_DIN_Init
                0x08015cf4        0xc project_build/src/mbng_din.o
                0x08015cf4                MBNG_DIN_Init
 .text.MBNG_DIN_NotifyToggle
                0x08015d00      0x154 project_build/src/mbng_din.o
                0x08015d00                MBNG_DIN_NotifyToggle
 .text.MBNG_DIN_NotifyReceivedValue
                0x08015e54       0x28 project_build/src/mbng_din.o
                0x08015e54                MBNG_DIN_NotifyReceivedValue
 .text.MBNG_DOUT_Init
                0x08015e7c       0x20 project_build/src/mbng_dout.o
                0x08015e7c                MBNG_DOUT_Init
 .text.MBNG_DOUT_NotifyReceivedValue
                0x08015e9c      0x1f4 project_build/src/mbng_dout.o
                0x08015e9c                MBNG_DOUT_NotifyReceivedValue
 .text.MBNG_DIO_Init
                0x08016090        0xc project_build/src/mbng_dio.o
                0x08016090                MBNG_DIO_Init
 .text.MBNG_DIO_PortNameGet
                0x0801609c       0x2c project_build/src/mbng_dio.o
                0x0801609c                MBNG_DIO_PortNameGet
 .text.MBNG_DIO_PortInit
                0x080160c8       0x8c project_build/src/mbng_dio.o
                0x080160c8                MBNG_DIO_PortInit
 .text.MBNG_DIO_PortGet
                0x08016154       0x24 project_build/src/mbng_dio.o
                0x08016154                MBNG_DIO_PortGet
 .text.MBNG_DIO_PortSet
                0x08016178       0x2a project_build/src/mbng_dio.o
                0x08016178                MBNG_DIO_PortSet
 *fill*         0x080161a2        0x2 00
 .text.MBNG_RGBLED_PatternSet
                0x080161a4       0xf8 project_build/src/mbng_rgbled.o
 .text.MBNG_RGBLED_Init
                0x0801629c       0x16 project_build/src/mbng_rgbled.o
                0x0801629c                MBNG_RGBLED_Init
 *fill*         0x080162b2        0x2 00
 .text.MBNG_RGBLED_Periodic_1mS
                0x080162b4       0x94 project_build/src/mbng_rgbled.o
                0x080162b4                MBNG_RGBLED_Periodic_1mS
 .text.MBNG_RGBLED_RainbowSpeedSet
                0x08016348        0xc project_build/src/mbng_rgbled.o
                0x08016348                MBNG_RGBLED_RainbowSpeedSet
 .text.MBNG_RGBLED_RainbowBrightnessSet
                0x08016354       0x14 project_build/src/mbng_rgbled.o
                0x08016354                MBNG_RGBLED_RainbowBrightnessSet
 .text.MBNG_RGBLED_NotifyReceivedValue
                0x08016368      0x250 project_build/src/mbng_rgbled.o
                0x08016368                MBNG_RGBLED_NotifyReceivedValue
 .text.MBNG_ENC_Init
                0x080165b8       0x54 project_build/src/mbng_enc.o
                0x080165b8                MBNG_ENC_Init
 .text.MBNG_ENC_FastModeSet
                0x0801660c        0xc project_build/src/mbng_enc.o
                0x0801660c                MBNG_ENC_FastModeSet
 .text.MBNG_ENC_AutoSpeed
                0x08016618       0xbc project_build/src/mbng_enc.o
                0x08016618                MBNG_ENC_AutoSpeed
 .text.MBNG_ENC_NotifyChange
                0x080166d4      0x214 project_build/src/mbng_enc.o
                0x080166d4                MBNG_ENC_NotifyChange
 .text.MBNG_ENC_NotifyReceivedValue
                0x080168e8       0x28 project_build/src/mbng_enc.o
                0x080168e8                MBNG_ENC_NotifyReceivedValue
 .text.MBNG_AIN_Init
                0x08016910       0x30 project_build/src/mbng_ain.o
                0x08016910                MBNG_AIN_Init
 .text.MBNG_AIN_HandleCalibration
                0x08016940       0x88 project_build/src/mbng_ain.o
                0x08016940                MBNG_AIN_HandleCalibration
 .text.MBNG_AIN_HandleAinMode
                0x080169c8      0x254 project_build/src/mbng_ain.o
                0x080169c8                MBNG_AIN_HandleAinMode
 .text.MBNG_AIN_NotifyChange
                0x08016c1c      0x148 project_build/src/mbng_ain.o
                0x08016c1c                MBNG_AIN_NotifyChange
 .text.MBNG_AIN_Periodic
                0x08016d64       0x34 project_build/src/mbng_ain.o
                0x08016d64                MBNG_AIN_Periodic
 .text.MBNG_AIN_NotifyReceivedValue
                0x08016d98       0x28 project_build/src/mbng_ain.o
                0x08016d98                MBNG_AIN_NotifyReceivedValue
 .text.MBNG_AINSER_Init
                0x08016dc0        0xc project_build/src/mbng_ainser.o
                0x08016dc0                MBNG_AINSER_Init
 .text.MBNG_AINSER_NotifyChange
                0x08016dcc      0x12c project_build/src/mbng_ainser.o
                0x08016dcc                MBNG_AINSER_NotifyChange
 .text.MBNG_AINSER_NotifyReceivedValue
                0x08016ef8       0x28 project_build/src/mbng_ainser.o
                0x08016ef8                MBNG_AINSER_NotifyReceivedValue
 .text.MBNG_KB_Init
                0x08016f20       0x7c project_build/src/mbng_kb.o
                0x08016f20                MBNG_KB_Init
 .text.MBNG_KB_NotifyToggle
                0x08016f9c      0x1e4 project_build/src/mbng_kb.o
                0x08016f9c                MBNG_KB_NotifyToggle
 .text.MBNG_KB_NotifyReceivedValue
                0x08017180       0x28 project_build/src/mbng_kb.o
                0x08017180                MBNG_KB_NotifyReceivedValue
 .text.MBNG_KB_BreakIsMakeSet
                0x080171a8       0x2c project_build/src/mbng_kb.o
                0x080171a8                MBNG_KB_BreakIsMakeSet
 .text.MBNG_KB_AllNotesOff
                0x080171d4       0x98 project_build/src/mbng_kb.o
                0x080171d4                MBNG_KB_AllNotesOff
 .text.Hlp_DOUT_PatternTransfer
                0x0801726c      0x150 project_build/src/mbng_matrix.o
 .text.MBNG_MATRIX_Init
                0x080173bc       0xa8 project_build/src/mbng_matrix.o
                0x080173bc                MBNG_MATRIX_Init
 .text.MBNG_MATRIX_LedMatrixChanged
                0x08017464      0x134 project_build/src/mbng_matrix.o
                0x08017464                MBNG_MATRIX_LedMatrixChanged
 .text.MBNG_MATRIX_ButtonMatrixChanged
                0x08017598       0xb0 project_build/src/mbng_matrix.o
                0x08017598                MBNG_MATRIX_ButtonMatrixChanged
 .text.MBNG_MATRIX_SRIO_ParametersChanged
                0x08017648       0x22 project_build/src/mbng_matrix.o
                0x08017648                MBNG_MATRIX_SRIO_ParametersChanged
 *fill*         0x0801766a        0x2 00
 .text.MBNG_MATRIX_PatternSet
                0x0801766c       0x28 project_build/src/mbng_matrix.o
                0x0801766c                MBNG_MATRIX_PatternSet
 .text.MBNG_MATRIX_PatternGet
                0x08017694       0x20 project_build/src/mbng_matrix.o
                0x08017694                MBNG_MATRIX_PatternGet
 .text.MBNG_MATRIX_LcMeterPatternSet
                0x080176b4       0x18 project_build/src/mbng_matrix.o
                0x080176b4                MBNG_MATRIX_LcMeterPatternSet
 .text.MBNG_MATRIX_LcMeterPatternGet
                0x080176cc       0x14 project_build/src/mbng_matrix.o
                0x080176cc                MBNG_MATRIX_LcMeterPatternGet
 .text.MBNG_MATRIX_DOUT_PinSet
                0x080176e0      0x164 project_build/src/mbng_matrix.o
                0x080176e0                MBNG_MATRIX_DOUT_PinSet
 .text.MBNG_MATRIX_DOUT_PatternSet
                0x08017844       0x40 project_build/src/mbng_matrix.o
                0x08017844                MBNG_MATRIX_DOUT_PatternSet
 .text.MBNG_MATRIX_DOUT_PatternSet_LC
                0x08017884       0x40 project_build/src/mbng_matrix.o
                0x08017884                MBNG_MATRIX_DOUT_PatternSet_LC
 .text.MBNG_MATRIX_DOUT_PatternSet_LCMeter
                0x080178c4       0x2c project_build/src/mbng_matrix.o
                0x080178c4                MBNG_MATRIX_DOUT_PatternSet_LCMeter
 .text.MBNG_MATRIX_DOUT_PatternSet_Digit
                0x080178f0       0x38 project_build/src/mbng_matrix.o
                0x080178f0                MBNG_MATRIX_DOUT_PatternSet_Digit
 .text.MBNG_MATRIX_GetRow
                0x08017928      0x140 project_build/src/mbng_matrix.o
                0x08017928                MBNG_MATRIX_GetRow
 .text.MBNG_MATRIX_ButtonHandler
                0x08017a68      0x15c project_build/src/mbng_matrix.o
                0x08017a68                MBNG_MATRIX_ButtonHandler
 .text.MBNG_MATRIX_MAX72xx_Update
                0x08017bc4       0x94 project_build/src/mbng_matrix.o
                0x08017bc4                MBNG_MATRIX_MAX72xx_Update
 .text.MBNG_MATRIX_DIN_NotifyReceivedValue
                0x08017c58       0x28 project_build/src/mbng_matrix.o
                0x08017c58                MBNG_MATRIX_DIN_NotifyReceivedValue
 .text.MBNG_MATRIX_DOUT_NotifyReceivedValue
                0x08017c80      0x3bc project_build/src/mbng_matrix.o
                0x08017c80                MBNG_MATRIX_DOUT_NotifyReceivedValue
 .text.MBNG_CV_PinSet
                0x0801803c       0x4c project_build/src/mbng_cv.o
 .text.MBNG_CV_Update
                0x08018088        0xa project_build/src/mbng_cv.o
                0x08018088                MBNG_CV_Update
 .text.MBNG_CV_PitchRangeSet
                0x08018092        0x4 project_build/src/mbng_cv.o
                0x08018092                MBNG_CV_PitchRangeSet
 .text.MBNG_CV_PitchSet
                0x08018096        0x4 project_build/src/mbng_cv.o
                0x08018096                MBNG_CV_PitchSet
 *fill*         0x0801809a        0x2 00
 .text.MBNG_CV_TransposeOctaveSet
                0x0801809c       0x28 project_build/src/mbng_cv.o
                0x0801809c                MBNG_CV_TransposeOctaveSet
 .text.MBNG_CV_TransposeSemitonesSet
                0x080180c4       0x28 project_build/src/mbng_cv.o
                0x080180c4                MBNG_CV_TransposeSemitonesSet
 .text.MBNG_CV_NotifyReceivedValue
                0x080180ec      0x184 project_build/src/mbng_cv.o
                0x080180ec                MBNG_CV_NotifyReceivedValue
 .text.MBNG_CV_ResetAllChannels
                0x08018270       0x68 project_build/src/mbng_cv.o
                0x08018270                MBNG_CV_ResetAllChannels
 .text.MBNG_CV_Init
                0x080182d8       0x14 project_build/src/mbng_cv.o
                0x080182d8                MBNG_CV_Init
 .text.MBNG_MF_Init
                0x080182ec       0x60 project_build/src/mbng_mf.o
                0x080182ec                MBNG_MF_Init
 .text.MBNG_MF_MIDI_NotifyPackage
                0x0801834c      0x248 project_build/src/mbng_mf.o
                0x0801834c                MBNG_MF_MIDI_NotifyPackage
 .text.MBNG_MF_ReceiveSysEx
                0x08018594       0xac project_build/src/mbng_mf.o
                0x08018594                MBNG_MF_ReceiveSysEx
 .text.MBNG_MF_NotifyReceivedValue
                0x08018640       0xec project_build/src/mbng_mf.o
                0x08018640                MBNG_MF_NotifyReceivedValue
 .text.MBNG_LCD_StreamFormattedString
                0x0801872c       0x34 project_build/src/mbng_lcd.o
 .text.MBNG_LCD_Clear
                0x08018760       0x48 project_build/src/mbng_lcd.o
                0x08018760                MBNG_LCD_Clear
 .text.MBNG_LCD_FontInit
                0x080187a8       0x9c project_build/src/mbng_lcd.o
                0x080187a8                MBNG_LCD_FontInit
 .text.MBNG_LCD_FontGet
                0x08018844        0xc project_build/src/mbng_lcd.o
                0x08018844                MBNG_LCD_FontGet
 .text.MBNG_LCD_CursorSet
                0x08018850      0x108 project_build/src/mbng_lcd.o
                0x08018850                MBNG_LCD_CursorSet
 .text.MBNG_LCD_PrintChar
                0x08018958       0xec project_build/src/mbng_lcd.o
                0x08018958                MBNG_LCD_PrintChar
 .text.MBNG_LCD_PrintString
                0x08018a44       0x34 project_build/src/mbng_lcd.o
                0x08018a44                MBNG_LCD_PrintString
 .text.MBNG_LCD_PrintFormattedString
                0x08018a78       0x24 project_build/src/mbng_lcd.o
                0x08018a78                MBNG_LCD_PrintFormattedString
 .text.MBNG_LCD_PrintSpaces
                0x08018a9c       0x18 project_build/src/mbng_lcd.o
                0x08018a9c                MBNG_LCD_PrintSpaces
 .text.MBNG_LCD_ClearScreenOnNextMessage
                0x08018ab4        0xc project_build/src/mbng_lcd.o
                0x08018ab4                MBNG_LCD_ClearScreenOnNextMessage
 .text.MBNG_LCD_PrintItemLabel
                0x08018ac0      0x74c project_build/src/mbng_lcd.o
                0x08018ac0                MBNG_LCD_PrintItemLabel
 .text.MBNG_LCD_SpecialCharsInit
                0x0801920c       0x64 project_build/src/mbng_lcd.o
                0x0801920c                MBNG_LCD_SpecialCharsInit
 .text.MBNG_LCD_Init
                0x08019270       0xec project_build/src/mbng_lcd.o
                0x08019270                MBNG_LCD_Init
 .text.MBNG_LCD_SpecialCharsReInit
                0x0801935c       0x10 project_build/src/mbng_lcd.o
                0x0801935c                MBNG_LCD_SpecialCharsReInit
 .text.MBNG_SEQ_Reset
                0x0801936c       0x18 project_build/src/mbng_seq.o
                0x0801936c                MBNG_SEQ_Reset
 .text.MBNG_SEQ_Handler
                0x08019384       0xf4 project_build/src/mbng_seq.o
                0x08019384                MBNG_SEQ_Handler
 .text.MBNG_SEQ_Init
                0x08019478       0x34 project_build/src/mbng_seq.o
                0x08019478                MBNG_SEQ_Init
 .text.MBNG_SEQ_PauseEnabled
                0x080194ac        0xc project_build/src/mbng_seq.o
                0x080194ac                MBNG_SEQ_PauseEnabled
 .text.MBNG_SEQ_PlayButton
                0x080194b8       0x28 project_build/src/mbng_seq.o
                0x080194b8                MBNG_SEQ_PlayButton
 .text.MBNG_SEQ_StopButton
                0x080194e0       0x20 project_build/src/mbng_seq.o
                0x080194e0                MBNG_SEQ_StopButton
 .text.MBNG_SEQ_PauseButton
                0x08019500       0x34 project_build/src/mbng_seq.o
                0x08019500                MBNG_SEQ_PauseButton
 .text.MBNG_SEQ_PlayStopButton
                0x08019534       0x16 project_build/src/mbng_seq.o
                0x08019534                MBNG_SEQ_PlayStopButton
 *fill*         0x0801954a        0x2 00
 .text.MBNG_SEQ_ClockDividerGet
                0x0801954c        0xc project_build/src/mbng_seq.o
                0x0801954c                MBNG_SEQ_ClockDividerGet
 .text.MBNG_SEQ_ClockDividerSet
                0x08019558        0xc project_build/src/mbng_seq.o
                0x08019558                MBNG_SEQ_ClockDividerSet
 .text.MBNG_FILE_Init
                0x08019564       0x3c project_build/src/mbng_file.o
                0x08019564                MBNG_FILE_Init
 .text.MBNG_FILE_LoadAllFiles
                0x080195a0       0x3c project_build/src/mbng_file.o
                0x080195a0                MBNG_FILE_LoadAllFiles
 .text.MBNG_FILE_UnloadAllFiles
                0x080195dc       0x22 project_build/src/mbng_file.o
                0x080195dc                MBNG_FILE_UnloadAllFiles
 *fill*         0x080195fe        0x2 00
 .text.MBNG_FILE_CreateDefaultFiles
                0x08019600       0xd4 project_build/src/mbng_file.o
                0x08019600                MBNG_FILE_CreateDefaultFiles
 .text.MBNG_FILE_StatusMsgSet
                0x080196d4       0x2c project_build/src/mbng_file.o
                0x080196d4                MBNG_FILE_StatusMsgSet
 .text.MBNG_FILE_StatusMsgGet
                0x08019700       0x14 project_build/src/mbng_file.o
                0x08019700                MBNG_FILE_StatusMsgGet
 .text.remove_quotes
                0x08019714       0x26 project_build/src/mbng_file_c.o
 *fill*         0x0801973a        0x2 00
 .text.MBNG_FILE_C_Write_Hlp
                0x0801973c     0x2018 project_build/src/mbng_file_c.o
 .text.parseExtendedParameter
                0x0801b754      0x144 project_build/src/mbng_file_c.o
 .text.get_dec  0x0801b898       0x20 project_build/src/mbng_file_c.o
 .text.get_ip   0x0801b8b8       0x50 project_build/src/mbng_file_c.o
 .text.parseMidiInPort
                0x0801b908       0x74 project_build/src/mbng_file_c.o
 .text.parseMidiOutPort
                0x0801b97c       0x74 project_build/src/mbng_file_c.o
 .text.parseSimpleValue.isra.0
                0x0801b9f0       0x3c project_build/src/mbng_file_c.o
 .text.get_bin.constprop.1
                0x0801ba2c       0x26 project_build/src/mbng_file_c.o
 *fill*         0x0801ba52        0x2 00
 .text.MBNG_FILE_C_Init
                0x0801ba54       0x14 project_build/src/mbng_file_c.o
                0x0801ba54                MBNG_FILE_C_Init
 .text.MBNG_FILE_C_Unload
                0x0801ba68       0x14 project_build/src/mbng_file_c.o
                0x0801ba68                MBNG_FILE_C_Unload
 .text.MBNG_FILE_C_Valid
                0x0801ba7c       0x10 project_build/src/mbng_file_c.o
                0x0801ba7c                MBNG_FILE_C_Valid
 .text.parseEvent
                0x0801ba8c     0x138c project_build/src/mbng_file_c.o
                0x0801ba8c                parseEvent
 .text.parseMap
                0x0801ce18      0x170 project_build/src/mbng_file_c.o
                0x0801ce18                parseMap
 .text.parseSysExVar
                0x0801cf88      0x12c project_build/src/mbng_file_c.o
                0x0801cf88                parseSysExVar
 .text.parseEnc
                0x0801d0b4      0x238 project_build/src/mbng_file_c.o
                0x0801d0b4                parseEnc
 .text.parseDinMatrix
                0x0801d2ec      0x27c project_build/src/mbng_file_c.o
                0x0801d2ec                parseDinMatrix
 .text.parseDoutMatrix
                0x0801d568      0x3fc project_build/src/mbng_file_c.o
                0x0801d568                parseDoutMatrix
 .text.parseKeyboard
                0x0801d964      0x428 project_build/src/mbng_file_c.o
                0x0801d964                parseKeyboard
 .text.parseLedMatrixPattern
                0x0801dd8c      0x114 project_build/src/mbng_file_c.o
                0x0801dd8c                parseLedMatrixPattern
 .text.parseLcMeterPattern
                0x0801dea0       0xb4 project_build/src/mbng_file_c.o
                0x0801dea0                parseLcMeterPattern
 .text.parseAin
                0x0801df54      0x1c0 project_build/src/mbng_file_c.o
                0x0801df54                parseAin
 .text.parseAinSer
                0x0801e114      0x304 project_build/src/mbng_file_c.o
                0x0801e114                parseAinSer
 .text.parseMf  0x0801e418      0x1e4 project_build/src/mbng_file_c.o
                0x0801e418                parseMf
 .text.parseAout
                0x0801e5fc      0x11c project_build/src/mbng_file_c.o
                0x0801e5fc                parseAout
 .text.parseDio
                0x0801e718      0x1ec project_build/src/mbng_file_c.o
                0x0801e718                parseDio
 .text.parseScs
                0x0801e904      0x234 project_build/src/mbng_file_c.o
                0x0801e904                parseScs
 .text.parseSrio
                0x0801eb38       0xb8 project_build/src/mbng_file_c.o
                0x0801eb38                parseSrio
 .text.parseRouter
                0x0801ebf0      0x148 project_build/src/mbng_file_c.o
                0x0801ebf0                parseRouter
 .text.parseEth
                0x0801ed38      0x104 project_build/src/mbng_file_c.o
                0x0801ed38                parseEth
 .text.parseOsc
                0x0801ee3c      0x1a4 project_build/src/mbng_file_c.o
                0x0801ee3c                parseOsc
 .text.MBNG_FILE_C_Parser
                0x0801efe0      0x658 project_build/src/mbng_file_c.o
                0x0801efe0                MBNG_FILE_C_Parser
 .text.MBNG_FILE_C_Read
                0x0801f638      0x134 project_build/src/mbng_file_c.o
                0x0801f638                MBNG_FILE_C_Read
 .text.MBNG_FILE_C_Load
                0x0801f76c        0x4 project_build/src/mbng_file_c.o
                0x0801f76c                MBNG_FILE_C_Load
 .text.MBNG_FILE_C_Write
                0x0801f770       0x84 project_build/src/mbng_file_c.o
                0x0801f770                MBNG_FILE_C_Write
 .text.MBNG_FILE_C_Debug
                0x0801f7f4        0x6 project_build/src/mbng_file_c.o
                0x0801f7f4                MBNG_FILE_C_Debug
 .text.getQuotedString
                0x0801f7fa       0x88 project_build/src/mbng_file_l.o
 *fill*         0x0801f882        0x2 00
 .text.MBNG_FILE_L_Write_Hlp
                0x0801f884      0x250 project_build/src/mbng_file_l.o
 .text.MBNG_FILE_L_Unload
                0x0801fad4       0x1c project_build/src/mbng_file_l.o
                0x0801fad4                MBNG_FILE_L_Unload
 .text.MBNG_FILE_L_Init
                0x0801faf0        0xa project_build/src/mbng_file_l.o
                0x0801faf0                MBNG_FILE_L_Init
 *fill*         0x0801fafa        0x2 00
 .text.MBNG_FILE_L_Valid
                0x0801fafc       0x10 project_build/src/mbng_file_l.o
                0x0801fafc                MBNG_FILE_L_Valid
 .text.readBinFileMD5
                0x0801fb0c       0x74 project_build/src/mbng_file_l.o
                0x0801fb0c                readBinFileMD5
 .text.parseBinFile
                0x0801fb80      0x14c project_build/src/mbng_file_l.o
                0x0801fb80                parseBinFile
 .text.generateNglFileMD5
                0x0801fccc       0x70 project_build/src/mbng_file_l.o
                0x0801fccc                generateNglFileMD5
 .text.MBNG_FILE_L_Read
                0x0801fd3c      0x648 project_build/src/mbng_file_l.o
                0x0801fd3c                MBNG_FILE_L_Read
 .text.MBNG_FILE_L_Load
                0x08020384        0x4 project_build/src/mbng_file_l.o
                0x08020384                MBNG_FILE_L_Load
 .text.MBNG_FILE_L_Write
                0x08020388       0x8c project_build/src/mbng_file_l.o
                0x08020388                MBNG_FILE_L_Write
 .text.MBNG_FILE_L_GetLabel
                0x08020414      0x2d0 project_build/src/mbng_file_l.o
                0x08020414                MBNG_FILE_L_GetLabel
 .text.MBNG_FILE_S_Unload
                0x080206e4       0x24 project_build/src/mbng_file_s.o
                0x080206e4                MBNG_FILE_S_Unload
 .text.MBNG_FILE_S_Init
                0x08020708        0xa project_build/src/mbng_file_s.o
                0x08020708                MBNG_FILE_S_Init
 *fill*         0x08020712        0x2 00
 .text.MBNG_FILE_S_Valid
                0x08020714       0x10 project_build/src/mbng_file_s.o
                0x08020714                MBNG_FILE_S_Valid
 .text.MBNG_FILE_S_SnapshotGet
                0x08020724        0xc project_build/src/mbng_file_s.o
                0x08020724                MBNG_FILE_S_SnapshotGet
 .text.MBNG_FILE_S_SnapshotSet
                0x08020730       0x18 project_build/src/mbng_file_s.o
                0x08020730                MBNG_FILE_S_SnapshotSet
 .text.MBNG_FILE_S_Write
                0x08020748      0x234 project_build/src/mbng_file_s.o
                0x08020748                MBNG_FILE_S_Write
 .text.MBNG_FILE_S_RequestDelayedSnapshot
                0x0802097c       0x10 project_build/src/mbng_file_s.o
                0x0802097c                MBNG_FILE_S_RequestDelayedSnapshot
 .text.MBNG_FILE_S_Periodic_1s
                0x0802098c       0x8c project_build/src/mbng_file_s.o
                0x0802098c                MBNG_FILE_S_Periodic_1s
 .text.MBNG_FILE_S_Read
                0x08020a18      0x1f0 project_build/src/mbng_file_s.o
                0x08020a18                MBNG_FILE_S_Read
 .text.MBNG_FILE_S_Load
                0x08020c08        0x4 project_build/src/mbng_file_s.o
                0x08020c08                MBNG_FILE_S_Load
 .text.ngr_strtok_r
                0x08020c0c       0x7e project_build/src/mbng_file_r.o
 .text.trim     0x08020c8a       0x36 project_build/src/mbng_file_r.o
 .text.remove_quotes
                0x08020cc0       0x26 project_build/src/mbng_file_r.o
 *fill*         0x08020ce6        0x2 00
 .text.parseTokenizedValue
                0x08020ce8      0x1d0 project_build/src/mbng_file_r.o
 .text.execSET_KB_VELOCITY_MAP
                0x08020eb8        0x6 project_build/src/mbng_file_r.o
 .text.execSET_KB_TRANSPOSE
                0x08020ebe        0x6 project_build/src/mbng_file_r.o
 .text.execSET_MAX
                0x08020ec4        0x6 project_build/src/mbng_file_r.o
 .text.execSET_MIN
                0x08020eca        0x6 project_build/src/mbng_file_r.o
 .text.execSET_NO_DUMP
                0x08020ed0        0x6 project_build/src/mbng_file_r.o
 .text.execSET_ACTIVE
                0x08020ed6        0x6 project_build/src/mbng_file_r.o
 .text.execSET_LOCK
                0x08020edc        0x6 project_build/src/mbng_file_r.o
 .text.execSET_HSV_Virtual
                0x08020ee2       0x2c project_build/src/mbng_file_r.o
 .text.execSET_RGB_Virtual
                0x08020f0e       0x2e project_build/src/mbng_file_r.o
 .text.execCHANGE_Virtual
                0x08020f3c       0x2e project_build/src/mbng_file_r.o
 .text.execCHANGE
                0x08020f6a        0xc project_build/src/mbng_file_r.o
 .text.execSET_HSV
                0x08020f76       0x26 project_build/src/mbng_file_r.o
 .text.execSET_RGB
                0x08020f9c       0x26 project_build/src/mbng_file_r.o
 .text.execTRIGGER
                0x08020fc2       0x10 project_build/src/mbng_file_r.o
 .text.execSET  0x08020fd2       0x20 project_build/src/mbng_file_r.o
 *fill*         0x08020ff2        0x2 00
 .text.get_dec  0x08020ff4       0x20 project_build/src/mbng_file_r.o
 .text.parseId  0x08021014       0xa8 project_build/src/mbng_file_r.o
 .text.MBNG_FILE_R_Unload
                0x080210bc       0x38 project_build/src/mbng_file_r.o
                0x080210bc                MBNG_FILE_R_Unload
 .text.MBNG_FILE_R_Init
                0x080210f4        0xa project_build/src/mbng_file_r.o
                0x080210f4                MBNG_FILE_R_Init
 *fill*         0x080210fe        0x2 00
 .text.MBNG_FILE_R_Valid
                0x08021100       0x10 project_build/src/mbng_file_r.o
                0x08021100                MBNG_FILE_R_Valid
 .text.MBNG_FILE_R_TokenizedNgrSet
                0x08021110       0x1c project_build/src/mbng_file_r.o
                0x08021110                MBNG_FILE_R_TokenizedNgrSet
 .text.MBNG_FILE_R_TokenMemPrint
                0x0802112c       0x98 project_build/src/mbng_file_r.o
                0x0802112c                MBNG_FILE_R_TokenMemPrint
 .text.MBNG_FILE_R_VarSectionSet
                0x080211c4        0xc project_build/src/mbng_file_r.o
                0x080211c4                MBNG_FILE_R_VarSectionSet
 .text.MBNG_FILE_R_VarSectionGet
                0x080211d0        0xc project_build/src/mbng_file_r.o
                0x080211d0                MBNG_FILE_R_VarSectionGet
 .text.MBNG_FILE_R_VarValueSet
                0x080211dc        0xc project_build/src/mbng_file_r.o
                0x080211dc                MBNG_FILE_R_VarValueSet
 .text.MBNG_FILE_R_VarValueGet
                0x080211e8        0xc project_build/src/mbng_file_r.o
                0x080211e8                MBNG_FILE_R_VarValueGet
 .text.MBNG_FILE_R_PushToken
                0x080211f4       0x38 project_build/src/mbng_file_r.o
                0x080211f4                MBNG_FILE_R_PushToken
 .text.parseValue
                0x0802122c      0x3c0 project_build/src/mbng_file_r.o
 .text.MBNG_FILE_R_PushString
                0x080215ec       0x24 project_build/src/mbng_file_r.o
                0x080215ec                MBNG_FILE_R_PushString
 .text.lineIsEmpty
                0x08021610       0x1c project_build/src/mbng_file_r.o
                0x08021610                lineIsEmpty
 .text.parseCondition
                0x0802162c      0x1d0 project_build/src/mbng_file_r.o
                0x0802162c                parseCondition
 .text.parseTokenizedCondition
                0x080217fc       0xd0 project_build/src/mbng_file_r.o
                0x080217fc                parseTokenizedCondition
 .text.sendTokenized
                0x080218cc      0x184 project_build/src/mbng_file_r.o
                0x080218cc                sendTokenized
 .text.parseSend
                0x08021a50      0x354 project_build/src/mbng_file_r.o
                0x08021a50                parseSend
 .text.sendSeqTokenized
                0x08021da4       0xe0 project_build/src/mbng_file_r.o
                0x08021da4                sendSeqTokenized
 .text.parseSendSeq
                0x08021e84      0x250 project_build/src/mbng_file_r.o
                0x08021e84                parseSendSeq
 .text.parseExecMeta
                0x080220d4      0x1dc project_build/src/mbng_file_r.o
                0x080220d4                parseExecMeta
 .text.setTokenizedValue
                0x080222b0      0x100 project_build/src/mbng_file_r.o
                0x080222b0                setTokenizedValue
 .text.execToken
                0x080223b0       0xd4 project_build/src/mbng_file_r.o
                0x080223b0                execToken
 .text.parseCommand
                0x08022484      0x3e0 project_build/src/mbng_file_r.o
                0x08022484                parseCommand
 .text.parseDelay
                0x08022864       0x6c project_build/src/mbng_file_r.o
                0x08022864                parseDelay
 .text.parseLoad
                0x080228d0       0xa4 project_build/src/mbng_file_r.o
                0x080228d0                parseLoad
 .text.MBNG_FILE_R_Parser
                0x08022974      0x564 project_build/src/mbng_file_r.o
                0x08022974                MBNG_FILE_R_Parser
 .text.MBNG_FILE_R_Exec
                0x08022ed8      0x530 project_build/src/mbng_file_r.o
                0x08022ed8                MBNG_FILE_R_Exec
 .text.MBNG_FILE_R_Read
                0x08023408      0x1bc project_build/src/mbng_file_r.o
                0x08023408                MBNG_FILE_R_Read
 .text.MBNG_FILE_R_ReadRequest
                0x080235c4       0x98 project_build/src/mbng_file_r.o
                0x080235c4                MBNG_FILE_R_ReadRequest
 .text.MBNG_FILE_R_CheckRequest
                0x0802365c      0x130 project_build/src/mbng_file_r.o
                0x0802365c                MBNG_FILE_R_CheckRequest
 .text.MBNG_FILE_R_RunStop
                0x0802378c       0x2c project_build/src/mbng_file_r.o
                0x0802378c                MBNG_FILE_R_RunStop
 .text.get_dec  0x080237b8       0x20 project_build/src/mbng_file_k.o
 .text.MBNG_FILE_K_Unload
                0x080237d8       0x14 project_build/src/mbng_file_k.o
                0x080237d8                MBNG_FILE_K_Unload
 .text.MBNG_FILE_K_Valid
                0x080237ec       0x10 project_build/src/mbng_file_k.o
                0x080237ec                MBNG_FILE_K_Valid
 .text.MBNG_FILE_K_Read
                0x080237fc      0x1a0 project_build/src/mbng_file_k.o
                0x080237fc                MBNG_FILE_K_Read
 .text.MBNG_FILE_K_Load
                0x0802399c        0x4 project_build/src/mbng_file_k.o
                0x0802399c                MBNG_FILE_K_Load
 .text.MBNG_FILE_K_Write
                0x080239a0       0xe4 project_build/src/mbng_file_k.o
                0x080239a0                MBNG_FILE_K_Write
 .text.unlikely.get_dec
                0x08023a84       0x1c project_build/src/terminal.o
 .text.TERMINAL_BrowserUploadCallback
                0x08023aa0       0xd0 project_build/src/terminal.o
 .text.unlikely.get_on_off
                0x08023b70       0x2c project_build/src/terminal.o
 .text.TERMINAL_ParseFilebrowser
                0x08023b9c       0x84 project_build/src/terminal.o
 .text.TERMINAL_Init
                0x08023c20       0x4c project_build/src/terminal.o
                0x08023c20                TERMINAL_Init
 .text.TERMINAL_PrintSystem
                0x08023c6c       0x50 project_build/src/terminal.o
                0x08023c6c                TERMINAL_PrintSystem
 .text.TERMINAL_PrintMemoryInfo
                0x08023cbc       0x30 project_build/src/terminal.o
                0x08023cbc                TERMINAL_PrintMemoryInfo
 .text.TERMINAL_PrintSdCardInfo
                0x08023cec      0x2bc project_build/src/terminal.o
                0x08023cec                TERMINAL_PrintSdCardInfo
 .text.TERMINAL_ParseLine
                0x08023fa8      0x9c0 project_build/src/terminal.o
                0x08023fa8                TERMINAL_ParseLine
 .text.TERMINAL_Parse
                0x08024968       0x80 project_build/src/terminal.o
                0x08024968                TERMINAL_Parse
 .text.stringEmpty
                0x080249e8        0x6 project_build/src/scs_config.o
 .text.selectNOP
                0x080249ee        0x4 project_build/src/scs_config.o
 .text.dummyGet
                0x080249f2        0x4 project_build/src/scs_config.o
 .text.dummySet
                0x080249f6        0x2 project_build/src/scs_config.o
 .text.sysExVarDevGet
                0x080249f8        0xc project_build/src/scs_config.o
 .text.sysExVarDevSet
                0x08024a04        0xc project_build/src/scs_config.o
 .text.sysExVarPatGet
                0x08024a10        0xc project_build/src/scs_config.o
 .text.sysExVarPatSet
                0x08024a1c        0xc project_build/src/scs_config.o
 .text.sysExVarBnkGet
                0x08024a28        0xc project_build/src/scs_config.o
 .text.sysExVarBnkSet
                0x08024a34        0xc project_build/src/scs_config.o
 .text.sysExVarInsGet
                0x08024a40        0xc project_build/src/scs_config.o
 .text.sysExVarInsSet
                0x08024a4c        0xc project_build/src/scs_config.o
 .text.sysExVarChnGet
                0x08024a58        0xc project_build/src/scs_config.o
 .text.sysExVarChnSet
                0x08024a64        0xc project_build/src/scs_config.o
 .text.routerNodeGet
                0x08024a70        0xc project_build/src/scs_config.o
 .text.routerNodeSet
                0x08024a7c        0xc project_build/src/scs_config.o
 .text.routerSrcChnGet
                0x08024a88       0x18 project_build/src/scs_config.o
 .text.routerSrcChnSet
                0x08024aa0       0x18 project_build/src/scs_config.o
 .text.routerDstChnGet
                0x08024ab8       0x18 project_build/src/scs_config.o
 .text.routerDstChnSet
                0x08024ad0       0x18 project_build/src/scs_config.o
 .text.oscPortGet
                0x08024ae8        0xc project_build/src/scs_config.o
 .text.oscPortSet
                0x08024af4        0xc project_build/src/scs_config.o
 .text.selIpParGet
                0x08024b00        0xc project_build/src/scs_config.o
 .text.selIpParSet
                0x08024b0c        0xc project_build/src/scs_config.o
 .text.stringPause
                0x08024b18       0x24 project_build/src/scs_config.o
 .text.stringOnOff
                0x08024b3c       0x18 project_build/src/scs_config.o
 .text.stringDec5
                0x08024b54       0x10 project_build/src/scs_config.o
 .text.stringOscPort
                0x08024b64       0x10 project_build/src/scs_config.o
 .text.stringDecP1
                0x08024b74       0x10 project_build/src/scs_config.o
 .text.stringDec
                0x08024b84       0x10 project_build/src/scs_config.o
 .text.selectPause
                0x08024b94        0xa project_build/src/scs_config.o
 *fill*         0x08024b9e        0x2 00
 .text.stringStop
                0x08024ba0       0x24 project_build/src/scs_config.o
 .text.stringPlay
                0x08024bc4       0x24 project_build/src/scs_config.o
 .text.selectStop
                0x08024be8        0xa project_build/src/scs_config.o
 .text.selectPlay
                0x08024bf2        0xa project_build/src/scs_config.o
 .text.mclkBpmSet
                0x08024bfc       0x10 project_build/src/scs_config.o
 .text.mclkBpmGet
                0x08024c0c        0xe project_build/src/scs_config.o
 .text.dhcpGet  0x08024c1a        0xa project_build/src/scs_config.o
 .text.stringRouterChn
                0x08024c24       0x28 project_build/src/scs_config.o
 .text.stringIp
                0x08024c4c       0x80 project_build/src/scs_config.o
 .text.selectIpEnter
                0x08024ccc       0x68 project_build/src/scs_config.o
 .text.selectIpEnter_Callback
                0x08024d34       0x20 project_build/src/scs_config.o
 .text.stringIpPar
                0x08024d54       0x44 project_build/src/scs_config.o
 .text.dhcpSet  0x08024d98        0x6 project_build/src/scs_config.o
 *fill*         0x08024d9e        0x2 00
 .text.stringOscModeFull
                0x08024da0       0x30 project_build/src/scs_config.o
 .text.stringOscMode
                0x08024dd0       0x1c project_build/src/scs_config.o
 .text.oscModeSet
                0x08024dec       0x10 project_build/src/scs_config.o
 .text.oscModeGet
                0x08024dfc       0x14 project_build/src/scs_config.o
 .text.oscLocalPortSet
                0x08024e10       0x18 project_build/src/scs_config.o
 .text.oscLocalPortGet
                0x08024e28        0xc project_build/src/scs_config.o
 .text.oscRemotePortSet
                0x08024e34       0x18 project_build/src/scs_config.o
 .text.oscRemotePortGet
                0x08024e4c        0xc project_build/src/scs_config.o
 .text.stringRemoteIp
                0x08024e58       0x4c project_build/src/scs_config.o
 .text.selectRemoteIp
                0x08024ea4       0x28 project_build/src/scs_config.o
 .text.selectRemoteIp_Callback
                0x08024ecc       0x1c project_build/src/scs_config.o
 .text.selectSAVE
                0x08024ee8       0x20 project_build/src/scs_config.o
 .text.selectLOAD
                0x08024f08       0x24 project_build/src/scs_config.o
 .text.getListLOAD_Callback
                0x08024f2c       0x4c project_build/src/scs_config.o
 .text.stringOutPort
                0x08024f78       0x16 project_build/src/scs_config.o
 *fill*         0x08024f8e        0x2 00
 .text.routerDstPortSet
                0x08024f90       0x20 project_build/src/scs_config.o
 .text.routerDstPortGet
                0x08024fb0       0x20 project_build/src/scs_config.o
 .text.stringInPort
                0x08024fd0       0x16 project_build/src/scs_config.o
 *fill*         0x08024fe6        0x2 00
 .text.routerSrcPortSet
                0x08024fe8       0x1c project_build/src/scs_config.o
 .text.routerSrcPortGet
                0x08025004       0x1c project_build/src/scs_config.o
 .text.selectSnapshotDUMP
                0x08025020       0x24 project_build/src/scs_config.o
 .text.snapshotGet
                0x08025044        0xa project_build/src/scs_config.o
 .text.snapshotSet
                0x0802504e        0x6 project_build/src/scs_config.o
 .text.runValueSet
                0x08025054        0x6 project_build/src/scs_config.o
 .text.runValueGet
                0x0802505a        0xa project_build/src/scs_config.o
 .text.runSectionSet
                0x08025064        0x6 project_build/src/scs_config.o
 .text.runSectionGet
                0x0802506a        0xa project_build/src/scs_config.o
 .text.buttonHook
                0x08025074      0x160 project_build/src/scs_config.o
 .text.MSD_EnableReq
                0x080251d4       0x30 project_build/src/scs_config.o
 .text.displayHook
                0x08025204      0x2f0 project_build/src/scs_config.o
 .text.selectSAVE_Callback
                0x080254f4       0x48 project_build/src/scs_config.o
 .text.selectLOAD_Callback
                0x0802553c       0x4c project_build/src/scs_config.o
 .text.selectSnapshotSAVE
                0x08025588       0x58 project_build/src/scs_config.o
 .text.selectSnapshotLOAD
                0x080255e0       0x64 project_build/src/scs_config.o
 .text.selectRunScript
                0x08025644       0x80 project_build/src/scs_config.o
 .text.encHook  0x080256c4       0x9c project_build/src/scs_config.o
 .text.SCS_CONFIG_Init
                0x08025760       0x44 project_build/src/scs_config.o
                0x08025760                SCS_CONFIG_Init
 .text.TASK_Hooks
                0x080257a4       0x48 project_build//c/Studium/Bachelor/mios32-master/programming_models/traditional/main.o
 .text.TASK_MIDI_Hooks
                0x080257ec       0x34 project_build//c/Studium/Bachelor/mios32-master/programming_models/traditional/main.o
 .text.startup.main
                0x08025820       0xc4 project_build//c/Studium/Bachelor/mios32-master/programming_models/traditional/main.o
                0x08025820                main
 .text.vApplicationTickHook
                0x080258e4        0x4 project_build//c/Studium/Bachelor/mios32-master/programming_models/traditional/main.o
                0x080258e4                vApplicationTickHook
 .text.vApplicationIdleHook
                0x080258e8        0x4 project_build//c/Studium/Bachelor/mios32-master/programming_models/traditional/main.o
                0x080258e8                vApplicationIdleHook
 .text._abort   0x080258ec       0x40 project_build//c/Studium/Bachelor/mios32-master/programming_models/traditional/main.o
                0x080258ec                _abort
 .text.vApplicationMallocFailedHook
                0x0802592c       0x4c project_build//c/Studium/Bachelor/mios32-master/programming_models/traditional/main.o
                0x0802592c                vApplicationMallocFailedHook
 .text.HardFault_Handler_c
                0x08025978      0x148 project_build//c/Studium/Bachelor/mios32-master/programming_models/traditional/main.o
                0x08025978                HardFault_Handler_c
 .text.HardFault_Handler
                0x08025ac0       0x14 project_build//c/Studium/Bachelor/mios32-master/programming_models/traditional/main.o
                0x08025ac0                HardFault_Handler
 .text._strtol_r
                0x08025ad4      0x108 project_build//c/Studium/Bachelor/mios32-master/programming_models/traditional/strtol.o
                0x08025ad4                _strtol_r
 .text.strtol   0x08025bdc       0x16 project_build//c/Studium/Bachelor/mios32-master/programming_models/traditional/strtol.o
                0x08025bdc                strtol
 *fill*         0x08025bf2        0x2 00
 .text.prvAddCurrentTaskToDelayedList
                0x08025bf4       0x98 project_build//c/Studium/Bachelor/mios32-master/FreeRTOS/Source/tasks.o
 .text.prvResetNextTaskUnblockTime
                0x08025c8c       0x24 project_build//c/Studium/Bachelor/mios32-master/FreeRTOS/Source/tasks.o
 .text.xTaskCreate
                0x08025cb0      0x1ac project_build//c/Studium/Bachelor/mios32-master/FreeRTOS/Source/tasks.o
                0x08025cb0                xTaskCreate
 .text.vTaskStartScheduler
                0x08025e5c       0x64 project_build//c/Studium/Bachelor/mios32-master/FreeRTOS/Source/tasks.o
                0x08025e5c                vTaskStartScheduler
 .text.vTaskSuspendAll
                0x08025ec0       0x10 project_build//c/Studium/Bachelor/mios32-master/FreeRTOS/Source/tasks.o
                0x08025ec0                vTaskSuspendAll
 .text.xTaskGetTickCount
                0x08025ed0        0xc project_build//c/Studium/Bachelor/mios32-master/FreeRTOS/Source/tasks.o
                0x08025ed0                xTaskGetTickCount
 .text.xTaskIncrementTick
                0x08025edc      0x104 project_build//c/Studium/Bachelor/mios32-master/FreeRTOS/Source/tasks.o
                0x08025edc                xTaskIncrementTick
 .text.xTaskResumeAll
                0x08025fe0       0xd0 project_build//c/Studium/Bachelor/mios32-master/FreeRTOS/Source/tasks.o
                0x08025fe0                xTaskResumeAll
 .text.prvIdleTask
                0x080260b0       0x78 project_build//c/Studium/Bachelor/mios32-master/FreeRTOS/Source/tasks.o
 .text.vTaskDelayUntil
                0x08026128       0x60 project_build//c/Studium/Bachelor/mios32-master/FreeRTOS/Source/tasks.o
                0x08026128                vTaskDelayUntil
 .text.vTaskSwitchContext
                0x08026188       0x54 project_build//c/Studium/Bachelor/mios32-master/FreeRTOS/Source/tasks.o
                0x08026188                vTaskSwitchContext
 .text.vTaskPlaceOnEventList
                0x080261dc       0x20 project_build//c/Studium/Bachelor/mios32-master/FreeRTOS/Source/tasks.o
                0x080261dc                vTaskPlaceOnEventList
 .text.xTaskRemoveFromEventList
                0x080261fc       0x70 project_build//c/Studium/Bachelor/mios32-master/FreeRTOS/Source/tasks.o
                0x080261fc                xTaskRemoveFromEventList
 .text.vTaskSetTimeOutState
                0x0802626c       0x18 project_build//c/Studium/Bachelor/mios32-master/FreeRTOS/Source/tasks.o
                0x0802626c                vTaskSetTimeOutState
 .text.xTaskCheckForTimeOut
                0x08026284       0x64 project_build//c/Studium/Bachelor/mios32-master/FreeRTOS/Source/tasks.o
                0x08026284                xTaskCheckForTimeOut
 .text.vTaskMissedYield
                0x080262e8        0xc project_build//c/Studium/Bachelor/mios32-master/FreeRTOS/Source/tasks.o
                0x080262e8                vTaskMissedYield
 .text.xTaskGetCurrentTaskHandle
                0x080262f4        0xc project_build//c/Studium/Bachelor/mios32-master/FreeRTOS/Source/tasks.o
                0x080262f4                xTaskGetCurrentTaskHandle
 .text.vTaskPriorityInherit
                0x08026300       0x94 project_build//c/Studium/Bachelor/mios32-master/FreeRTOS/Source/tasks.o
                0x08026300                vTaskPriorityInherit
 .text.xTaskPriorityDisinherit
                0x08026394       0x74 project_build//c/Studium/Bachelor/mios32-master/FreeRTOS/Source/tasks.o
                0x08026394                xTaskPriorityDisinherit
 .text.pvTaskIncrementMutexHeldCount
                0x08026408       0x18 project_build//c/Studium/Bachelor/mios32-master/FreeRTOS/Source/tasks.o
                0x08026408                pvTaskIncrementMutexHeldCount
 .text.vListInitialise
                0x08026420       0x16 project_build//c/Studium/Bachelor/mios32-master/FreeRTOS/Source/list.o
                0x08026420                vListInitialise
 .text.vListInitialiseItem
                0x08026436        0x6 project_build//c/Studium/Bachelor/mios32-master/FreeRTOS/Source/list.o
                0x08026436                vListInitialiseItem
 .text.vListInsertEnd
                0x0802643c       0x18 project_build//c/Studium/Bachelor/mios32-master/FreeRTOS/Source/list.o
                0x0802643c                vListInsertEnd
 .text.vListInsert
                0x08026454       0x30 project_build//c/Studium/Bachelor/mios32-master/FreeRTOS/Source/list.o
                0x08026454                vListInsert
 .text.uxListRemove
                0x08026484       0x20 project_build//c/Studium/Bachelor/mios32-master/FreeRTOS/Source/list.o
                0x08026484                uxListRemove
 .text.prvCopyDataFromQueue
                0x080264a4       0x26 project_build//c/Studium/Bachelor/mios32-master/FreeRTOS/Source/queue.o
 .text.prvUnlockQueue
                0x080264ca       0x68 project_build//c/Studium/Bachelor/mios32-master/FreeRTOS/Source/queue.o
 .text.prvCopyDataToQueue
                0x08026532       0x66 project_build//c/Studium/Bachelor/mios32-master/FreeRTOS/Source/queue.o
 .text.xQueueGenericReset
                0x08026598       0x6c project_build//c/Studium/Bachelor/mios32-master/FreeRTOS/Source/queue.o
                0x08026598                xQueueGenericReset
 .text.xQueueGenericCreate
                0x08026604       0x36 project_build//c/Studium/Bachelor/mios32-master/FreeRTOS/Source/queue.o
                0x08026604                xQueueGenericCreate
 *fill*         0x0802663a        0x2 00
 .text.xQueueGenericSend
                0x0802663c       0xf8 project_build//c/Studium/Bachelor/mios32-master/FreeRTOS/Source/queue.o
                0x0802663c                xQueueGenericSend
 .text.xQueueGiveMutexRecursive
                0x08026734       0x2a project_build//c/Studium/Bachelor/mios32-master/FreeRTOS/Source/queue.o
                0x08026734                xQueueGiveMutexRecursive
 .text.xQueueCreateMutex
                0x0802675e       0x24 project_build//c/Studium/Bachelor/mios32-master/FreeRTOS/Source/queue.o
                0x0802675e                xQueueCreateMutex
 *fill*         0x08026782        0x2 00
 .text.xQueueGenericReceive
                0x08026784      0x12c project_build//c/Studium/Bachelor/mios32-master/FreeRTOS/Source/queue.o
                0x08026784                xQueueGenericReceive
 .text.xQueueTakeMutexRecursive
                0x080268b0       0x30 project_build//c/Studium/Bachelor/mios32-master/FreeRTOS/Source/queue.o
                0x080268b0                xQueueTakeMutexRecursive
 .text.prvTaskExitError
                0x080268e0       0x12 project_build//c/Studium/Bachelor/mios32-master/FreeRTOS/Source/portable/GCC/ARM_CM3/port.o
 *fill*         0x080268f2        0x2 00
 .text.prvPortStartFirstTask
                0x080268f4       0x20 project_build//c/Studium/Bachelor/mios32-master/FreeRTOS/Source/portable/GCC/ARM_CM3/port.o
 .text.pxPortInitialiseStack
                0x08026914       0x24 project_build//c/Studium/Bachelor/mios32-master/FreeRTOS/Source/portable/GCC/ARM_CM3/port.o
                0x08026914                pxPortInitialiseStack
 *fill*         0x08026938        0x8 00
 .text.vPortSVCHandler
                0x08026940       0x30 project_build//c/Studium/Bachelor/mios32-master/FreeRTOS/Source/portable/GCC/ARM_CM3/port.o
                0x08026940                vPortSVCHandler
 .text.vPortEnterCritical
                0x08026970       0x20 project_build//c/Studium/Bachelor/mios32-master/FreeRTOS/Source/portable/GCC/ARM_CM3/port.o
                0x08026970                vPortEnterCritical
 .text.vPortExitCritical
                0x08026990       0x14 project_build//c/Studium/Bachelor/mios32-master/FreeRTOS/Source/portable/GCC/ARM_CM3/port.o
                0x08026990                vPortExitCritical
 *fill*         0x080269a4        0xc 00
 .text.xPortPendSVHandler
                0x080269b0       0x50 project_build//c/Studium/Bachelor/mios32-master/FreeRTOS/Source/portable/GCC/ARM_CM3/port.o
                0x080269b0                xPortPendSVHandler
 .text.xPortSysTickHandler
                0x08026a00       0x2c project_build//c/Studium/Bachelor/mios32-master/FreeRTOS/Source/portable/GCC/ARM_CM3/port.o
                0x08026a00                xPortSysTickHandler
 .text.vPortSetupTimerInterrupt
                0x08026a2c       0x18 project_build//c/Studium/Bachelor/mios32-master/FreeRTOS/Source/portable/GCC/ARM_CM3/port.o
                0x08026a2c                vPortSetupTimerInterrupt
 .text.xPortStartScheduler
                0x08026a44       0x30 project_build//c/Studium/Bachelor/mios32-master/FreeRTOS/Source/portable/GCC/ARM_CM3/port.o
                0x08026a44                xPortStartScheduler
 .text.prvInsertBlockIntoFreeList
                0x08026a74       0x48 project_build//c/Studium/Bachelor/mios32-master/FreeRTOS/Source/portable/MemMang/heap_4.o
 .text.pvPortMalloc
                0x08026abc      0x100 project_build//c/Studium/Bachelor/mios32-master/FreeRTOS/Source/portable/MemMang/heap_4.o
                0x08026abc                pvPortMalloc
 .text.vPortFree
                0x08026bbc       0x4c project_build//c/Studium/Bachelor/mios32-master/FreeRTOS/Source/portable/MemMang/heap_4.o
                0x08026bbc                vPortFree
 .text.vPortMallocDebugInfo
                0x08026c08       0x98 project_build//c/Studium/Bachelor/mios32-master/FreeRTOS/Source/portable/MemMang/heap_4.o
                0x08026c08                vPortMallocDebugInfo
 .text.Default_Handler
                0x08026ca0        0x2 project_build//c/Studium/Bachelor/mios32-master/programming_models/traditional/startup_stm32f4xx.o
                0x08026ca0                RTC_Alarm_IRQHandler
                0x08026ca0                HASH_RNG_IRQHandler