app.c:580:6:APP_SRIO_ServiceFinish	8	static
app.c:498:5:APP_SYSEX_Parser	16	static
app.c:661:13:APP_AINSER_NotifyChange	0	static
app.c:694:12:NOTIFY_MIDI_TimeOut	8	static
app.c:686:12:NOTIFY_MIDI_Tx	0	static
app.c:673:12:NOTIFY_MIDI_Rx	8	static
app.c:128:6:APP_Init	8	static
app.c:225:6:APP_Background	32	static
app.c:411:6:APP_Tick	8	static
app.c:443:6:APP_MIDI_Tick	8	static
app.c:457:6:APP_MIDI_NotifyPackage	16	static
app.c:530:6:APP_SRIO_ServicePrepare	0	static
app.c:546:6:APP_SRIO_ServiceFinishBeforeDINCompare	24	static
app.c:621:6:APP_DIN_NotifyToggle	0	static
app.c:634:6:APP_ENC_NotifyChange	0	static
app.c:649:6:APP_AIN_NotifyChange	0	static
app.c:709:5:TASK_MSD_EnableSet	8	static
app.c:721:5:TASK_MSD_EnableGet	0	static
app.c:726:5:TASK_MSD_FlagStrGet	8	static
app.c:741:6:APP_J16SemaphoreTake	8	static
app.c:747:6:APP_J16SemaphoreGive	0	static
app.c:758:6:APP_MUTEX_MIDIOUT_Take	8	static
app.c:759:6:APP_MUTEX_MIDIOUT_Give	0	static
app.c:760:6:APP_MUTEX_MIDIIN_Take	8	static
app.c:761:6:APP_MUTEX_MIDIIN_Give	0	static
