mbng_file_c.c:174:14:remove_quotes	8	static
mbng_file_c.c:3997:12:MBNG_FILE_C_Write_Hlp	456	static
mbng_file_c.c:433:12:parseExtendedParameter	40	static
mbng_file_c.c:194:12:get_dec	16	static
mbng_file_c.c:250:12:get_ip	24	static
mbng_file_c.c:308:12:parseMidiInPort	40	static
mbng_file_c.c:336:12:parseMidiOutPort	40	static
mbng_file_c.c:365:12:0	32	static
mbng_file_c.c:277:12:1	0	static
mbng_file_c.c:120:5:MBNG_FILE_C_Init	0	static
mbng_file_c.c:151:5:MBNG_FILE_C_Unload	0	static
mbng_file_c.c:164:5:MBNG_FILE_C_Valid	0	static
mbng_file_c.c:509:5:parseEvent	400	static
mbng_file_c.c:1696:5:parseMap	320	static
mbng_file_c.c:1783:5:parseSysExVar	104	static
mbng_file_c.c:1844:5:parseEnc	80	static
mbng_file_c.c:1954:5:parseDinMatrix	80	static
mbng_file_c.c:2101:5:parseDoutMatrix	104	static
mbng_file_c.c:2347:5:parseKeyboard	120	static
mbng_file_c.c:2594:5:parseLedMatrixPattern	56	static
mbng_file_c.c:2664:5:parseLcMeterPattern	48	static
mbng_file_c.c:2717:5:parseAin	72	static
mbng_file_c.c:2816:5:parseAinSer	104	static
mbng_file_c.c:2966:5:parseMf	72	static
mbng_file_c.c:3073:5:parseAout	72	static
mbng_file_c.c:3150:5:parseDio	64	static
mbng_file_c.c:3254:5:parseScs	56	static
mbng_file_c.c:3372:5:parseSrio	40	static
mbng_file_c.c:3422:5:parseRouter	64	static
mbng_file_c.c:3507:5:parseEth	56	static
mbng_file_c.c:3583:5:parseOsc	80	static
mbng_file_c.c:3684:5:MBNG_FILE_C_Parser	104	static
mbng_file_c.c:3884:5:MBNG_FILE_C_Read	104	static
mbng_file_c.c:134:5:MBNG_FILE_C_Load	0	static
mbng_file_c.c:5037:5:MBNG_FILE_C_Write	72	static
mbng_file_c.c:5084:5:MBNG_FILE_C_Debug	0	static
