mbng_file_r.c:437:14:ngr_strtok_r	24	static
mbng_file_r.c:498:14:trim	0	static
mbng_file_r.c:528:14:remove_quotes	8	static
mbng_file_r.c:878:12:parseTokenizedValue	104	static
mbng_file_r.c:1874:12:execSET_KB_VELOCITY_MAP	0	static
mbng_file_r.c:1868:12:execSET_KB_TRANSPOSE	0	static
mbng_file_r.c:1862:12:execSET_MAX	0	static
mbng_file_r.c:1856:12:execSET_MIN	0	static
mbng_file_r.c:1851:12:execSET_NO_DUMP	0	static
mbng_file_r.c:1846:12:execSET_ACTIVE	0	static
mbng_file_r.c:1841:12:execSET_LOCK	0	static
mbng_file_r.c:1831:12:execSET_HSV_Virtual	80	static
mbng_file_r.c:1809:12:execSET_RGB_Virtual	80	static
mbng_file_r.c:1779:12:execCHANGE_Virtual	80	static
mbng_file_r.c:1773:12:execCHANGE	0	static
mbng_file_r.c:1819:12:execSET_HSV	8	static
mbng_file_r.c:1797:12:execSET_RGB	8	static
mbng_file_r.c:1789:12:execTRIGGER	8	static
mbng_file_r.c:1762:12:execSET	8	static
mbng_file_r.c:548:12:get_dec	16	static
mbng_file_r.c:589:30:parseId	32	static
mbng_file_r.c:277:5:MBNG_FILE_R_Unload	0	static
mbng_file_r.c:238:5:MBNG_FILE_R_Init	8	static
mbng_file_r.c:298:5:MBNG_FILE_R_Valid	0	static
mbng_file_r.c:307:5:MBNG_FILE_R_TokenizedNgrSet	8	static
mbng_file_r.c:318:5:MBNG_FILE_R_TokenizedNgrGet	0	static
mbng_file_r.c:328:5:MBNG_FILE_R_TokenMemPrint	24	static
mbng_file_r.c:352:5:MBNG_FILE_R_VarSectionSet	0	static
mbng_file_r.c:358:5:MBNG_FILE_R_VarSectionGet	0	static
mbng_file_r.c:363:5:MBNG_FILE_R_VarValueSet	0	static
mbng_file_r.c:369:5:MBNG_FILE_R_VarValueGet	0	static
mbng_file_r.c:380:5:MBNG_FILE_R_PushToken	8	static
mbng_file_r.c:642:12:parseValue	120	static
mbng_file_r.c:398:5:MBNG_FILE_R_PushString	16	static
mbng_file_r.c:412:5:MBNG_FILE_R_PushMemory	16	static
mbng_file_r.c:568:5:lineIsEmpty	0	static
mbng_file_r.c:983:5:parseCondition	40	static
mbng_file_r.c:1077:5:parseTokenizedCondition	32	static
mbng_file_r.c:1122:5:sendTokenized	104	static
mbng_file_r.c:1164:5:parseSend	328	static
mbng_file_r.c:1402:5:sendSeqTokenized	40	static
mbng_file_r.c:1455:5:parseSendSeq	328	static
mbng_file_r.c:1649:5:parseExecMeta	120	static
mbng_file_r.c:1885:5:setTokenizedValue	112	static
mbng_file_r.c:1947:5:execToken	56	static
mbng_file_r.c:1997:5:parseCommand	80	static
mbng_file_r.c:2231:5:parseDelay	24	static
mbng_file_r.c:2269:5:parseLoad	24	static
mbng_file_r.c:2322:5:MBNG_FILE_R_Parser	120	static
mbng_file_r.c:2621:5:MBNG_FILE_R_Exec	368	static
mbng_file_r.c:2914:5:MBNG_FILE_R_Read	88	static
mbng_file_r.c:252:5:MBNG_FILE_R_Load	0	static
mbng_file_r.c:3051:5:MBNG_FILE_R_ReadRequest	16	static
mbng_file_r.c:3089:5:MBNG_FILE_R_CheckRequest	16	static
mbng_file_r.c:3165:5:MBNG_FILE_R_RunStop	0	static
