mbng_event.c:1063:12:MBNG_EVENT_ItemCopy2User	20	static
mbng_event.c:2072:12:MBNG_EVENT_LCMeters_Update	24	static
mbng_event.c:1324:12:MBNG_EVENT_ItemCalcPoolItemLen	8	static
mbng_event.c:1188:12:MBNG_EVENT_ItemCopy2Pool	16	static
mbng_event.c:322:5:MBNG_EVENT_Tick	16	static
mbng_event.c:367:5:MBNG_EVENT_PoolClear	0	static
mbng_event.c:385:5:MBNG_EVENT_PoolUpdate	20	static
mbng_event.c:416:5:MBNG_EVENT_PoolPrint	8	static
mbng_event.c:451:5:MBNG_EVENT_PoolMapsPrint	160	static
mbng_event.c:503:5:MBNG_EVENT_PoolNumItemsGet	0	static
mbng_event.c:511:5:MBNG_EVENT_PoolNumMapsGet	0	static
mbng_event.c:519:5:MBNG_EVENT_PoolSizeGet	0	static
mbng_event.c:527:5:MBNG_EVENT_PoolMaxSizeGet	0	static
mbng_event.c:536:5:MBNG_EVENT_MapAdd	24	static
mbng_event.c:559:5:MBNG_EVENT_MapGet	16	static
mbng_event.c:583:5:MBNG_EVENT_MapValue	24	static
mbng_event.c:766:5:MBNG_EVENT_MapIxFromValue	20	static
mbng_event.c:835:5:MBNG_EVENT_NumBanksGet	0	static
mbng_event.c:843:5:MBNG_EVENT_SelectedBankGet	0	static
mbng_event.c:882:5:MBNG_EVENT_HwIdBankGet	12	static
mbng_event.c:932:5:MBNG_EVENT_ItemNoDumpDefault	0	static
mbng_event.c:973:5:MBNG_EVENT_ItemInit	12	static
mbng_event.c:1385:5:MBNG_EVENT_ItemGet	8	static
mbng_event.c:1406:5:MBNG_EVENT_ItemAdd	24	static
mbng_event.c:1437:5:MBNG_EVENT_ItemModify	168	static
mbng_event.c:1501:5:MBNG_EVENT_ItemSearchById	24	static
mbng_event.c:1543:5:MBNG_EVENT_ItemSearchByHwId	24	static
mbng_event.c:1587:5:MBNG_EVENT_ItemRetrieveValues	20	static
mbng_event.c:1625:5:MBNG_EVENT_ItemCopyValueToPool	0	static
mbng_event.c:1672:5:MBNG_EVENT_ItemSetNoDump	0	static
mbng_event.c:1688:5:MBNG_EVENT_ItemSetLock	0	static
mbng_event.c:1703:5:MBNG_EVENT_ItemSetMapIx	0	static
mbng_event.c:710:5:MBNG_EVENT_MapItemValueInc	40	static
mbng_event.c:1721:5:MBNG_EVENT_ItemCheckMatchingCondition	88	static
mbng_event.c:2103:5:MBNG_EVENT_LCMeters_Init	8	static
mbng_event.c:2187:5:MBNG_EVENT_MidiLearnModeSet	0	static
mbng_event.c:196:5:MBNG_EVENT_Init	128	static
mbng_event.c:2202:5:MBNG_EVENT_MidiLearnModeGet	0	static
mbng_event.c:2207:5:MBNG_EVENT_MidiLearnStatusMsg	24	static
mbng_event.c:2390:5:MBNG_EVENT_EventLearnIdSet	0	static
mbng_event.c:2402:22:MBNG_EVENT_EventLearnIdGet	0	static
mbng_event.c:2575:13:MBNG_EVENT_ItemControllerStrGet	0	static
mbng_event.c:2431:5:MBNG_EVENT_EventLearnIt	360	static
mbng_event.c:2407:5:MBNG_EVENT_EventLearnStatusMsg	24	static
mbng_event.c:2234:5:MBNG_EVENT_MidiLearnIt	176	static
mbng_event.c:2599:22:MBNG_EVENT_ItemIdFromControllerStrGet	8	static
mbng_event.c:2621:13:MBNG_EVENT_ItemTypeStrGet	0	static
mbng_event.c:2647:19:MBNG_EVENT_ItemTypeFromStrGet	8	static
mbng_event.c:2672:13:MBNG_EVENT_ItemConditionStrGet	0	static
mbng_event.c:2691:22:MBNG_EVENT_ItemConditionFromStrGet	8	static
mbng_event.c:2710:13:MBNG_EVENT_ItemButtonModeStrGet	0	static
mbng_event.c:2721:26:MBNG_EVENT_ItemButtonModeFromStrGet	8	static
mbng_event.c:2734:13:MBNG_EVENT_ItemAinModeStrGet	0	static
mbng_event.c:2748:23:MBNG_EVENT_ItemAinModeFromStrGet	8	static
mbng_event.c:2764:13:MBNG_EVENT_ItemAinSensorModeStrGet	0	static
mbng_event.c:2773:30:MBNG_EVENT_ItemAinSensorModeFromStrGet	8	static
mbng_event.c:2785:13:MBNG_EVENT_ItemEncModeStrGet	0	static
mbng_event.c:2800:23:MBNG_EVENT_ItemEncModeFromStrGet	8	static
mbng_event.c:2818:13:MBNG_EVENT_ItemEncSpeedModeStrGet	0	static
mbng_event.c:2830:29:MBNG_EVENT_ItemEncSpeedModeFromStrGet	8	static
mbng_event.c:2844:13:MBNG_EVENT_ItemLedMatrixPatternStrGet	0	static
mbng_event.c:2864:33:MBNG_EVENT_ItemLedMatrixPatternFromStrGet	8	static
mbng_event.c:2887:13:MBNG_EVENT_ItemRgbLedPatternStrGet	0	static
mbng_event.c:2892:4:MBNG_EVENT_ItemRgbLedPatternFromStrGet	16	static
mbng_event.c:2908:13:MBNG_EVENT_ItemNrpnFormatStrGet	0	static
mbng_event.c:2918:26:MBNG_EVENT_ItemNrpnFormatFromStrGet	8	static
mbng_event.c:2931:13:MBNG_EVENT_ItemSysExVarStrGet	0	static
mbng_event.c:2971:24:MBNG_EVENT_ItemSysExVarFromStrGet	8	static
mbng_event.c:3012:13:MBNG_EVENT_ItemMetaTypeStrGet	0	static
mbng_event.c:3093:24:MBNG_EVENT_ItemMetaTypeFromStrGet	8	static
mbng_event.c:3172:4:MBNG_EVENT_ItemMetaNumBytesGet	0	static
mbng_event.c:1758:5:MBNG_EVENT_ItemPrint	176	static
mbng_event.c:2044:5:MBNG_EVENT_ItemSearchByHwIdAndPrint	96	static
mbng_event.c:2019:5:MBNG_EVENT_ItemSearchByIdAndPrint	96	static
mbng_event.c:425:5:MBNG_EVENT_PoolItemsPrint	88	static
mbng_event.c:3256:5:MBNG_EVENT_SendOptimizedNRPN	56	static
mbng_event.c:3337:5:MBNG_EVENT_SendSysExStream	328	static
mbng_event.c:4656:5:MBNG_EVENT_UpdateLCD	160	static
mbng_event.c:4697:5:MBNG_EVENT_Dump	88	static
mbng_event.c:3520:5:MBNG_EVENT_ExecMeta	104	static
mbng_event.c:3882:5:MBNG_EVENT_ItemSend	56	static
mbng_event.c:4376:5:MBNG_EVENT_ItemForwardToRadioGroup	104	static
mbng_event.c:4089:5:MBNG_EVENT_ItemReceive	32	static
mbng_event.c:4553:12:MBNG_EVENT_NotifySyxDump	96	static
mbng_event.c:4522:5:MBNG_EVENT_Refresh	88	static
mbng_event.c:852:5:MBNG_EVENT_SelectedBankSet	16	static
mbng_event.c:4047:5:MBNG_EVENT_ItemSendVirtual	48	static
mbng_event.c:4308:5:MBNG_EVENT_ItemForward	88	static
mbng_event.c:1643:5:MBNG_EVENT_ItemSetActive	16	static
mbng_event.c:902:5:MBNG_EVENT_HwIdBankSet	96	static
mbng_event.c:4444:5:MBNG_EVENT_NotifySendValue	24	static
mbng_event.c:4724:5:MBNG_EVENT_MIDI_NotifyPackage	472	static
mbng_event.c:5027:5:MBNG_EVENT_ReceiveSysEx	336	static
