mbng_matrix.c:571:12:Hlp_DOUT_PatternTransfer	48	static
mbng_matrix.c:273:5:MBNG_MATRIX_Init	16	static
mbng_matrix.c:311:5:MBNG_MATRIX_LedMatrixChanged	32	static
mbng_matrix.c:377:5:MBNG_MATRIX_ButtonMatrixChanged	32	static
mbng_matrix.c:420:5:MBNG_MATRIX_SRIO_ParametersChanged	8	static
mbng_matrix.c:442:5:MBNG_MATRIX_PatternSet	0	static
mbng_matrix.c:455:5:MBNG_MATRIX_PatternGet	0	static
mbng_matrix.c:467:5:MBNG_MATRIX_LcMeterPatternSet	0	static
mbng_matrix.c:477:5:MBNG_MATRIX_LcMeterPatternGet	0	static
mbng_matrix.c:490:5:MBNG_MATRIX_DOUT_PinSet	32	static
mbng_matrix.c:651:5:MBNG_MATRIX_DOUT_PatternSet	24	static
mbng_matrix.c:677:5:MBNG_MATRIX_DOUT_PatternSet_LC	24	static
mbng_matrix.c:695:5:MBNG_MATRIX_DOUT_PatternSet_LCMeter	24	static
mbng_matrix.c:710:5:MBNG_MATRIX_DOUT_PatternSet_Digit	16	static
mbng_matrix.c:727:5:MBNG_MATRIX_GetRow	32	static
mbng_matrix.c:800:5:MBNG_MATRIX_ButtonHandler	136	static
mbng_matrix.c:836:5:MBNG_MATRIX_MAX72xx_Update	16	static
mbng_matrix.c:946:5:MBNG_MATRIX_DIN_NotifyReceivedValue	8	static
mbng_matrix.c:962:5:MBNG_MATRIX_DOUT_NotifyReceivedValue	48	static
