scs_config.c:66:13:stringEmpty	0	static
scs_config.c:198:13:selectNOP	0	static
scs_config.c:360:13:dummyGet	0	static
scs_config.c:361:13:dummySet	0	static
scs_config.c:363:13:sysExVarDevGet	0	static
scs_config.c:364:13:sysExVarDevSet	0	static
scs_config.c:365:13:sysExVarPatGet	0	static
scs_config.c:366:13:sysExVarPatSet	0	static
scs_config.c:367:13:sysExVarBnkGet	0	static
scs_config.c:368:13:sysExVarBnkSet	0	static
scs_config.c:369:13:sysExVarInsGet	0	static
scs_config.c:370:13:sysExVarInsSet	0	static
scs_config.c:371:13:sysExVarChnGet	0	static
scs_config.c:372:13:sysExVarChnSet	0	static
scs_config.c:383:13:routerNodeGet	0	static
scs_config.c:384:13:routerNodeSet	0	static
scs_config.c:389:13:routerSrcChnGet	0	static
scs_config.c:390:13:routerSrcChnSet	0	static
scs_config.c:395:13:routerDstChnGet	0	static
scs_config.c:396:13:routerDstChnSet	0	static
scs_config.c:398:13:oscPortGet	0	static
scs_config.c:399:13:oscPortSet	0	static
scs_config.c:409:13:selIpParGet	0	static
scs_config.c:410:13:selIpParSet	0	static
scs_config.c:189:13:stringPause	8	static
scs_config.c:76:13:stringOnOff	0	static
scs_config.c:73:13:stringDec5	0	static
scs_config.c:116:13:stringOscPort	0	static
scs_config.c:68:13:stringDecP1	0	static
scs_config.c:67:13:stringDec	0	static
scs_config.c:350:13:selectPause	8	static
scs_config.c:184:13:stringStop	8	static
scs_config.c:179:13:stringPlay	8	static
scs_config.c:344:13:selectStop	8	static
scs_config.c:338:13:selectPlay	8	static
scs_config.c:416:13:mclkBpmSet	8	static
scs_config.c:415:13:mclkBpmGet	8	static
scs_config.c:407:13:dhcpGet	8	static
scs_config.c:106:13:stringRouterChn	0	static
scs_config.c:154:13:stringIp	40	static
scs_config.c:321:12:selectIpEnter	40	static
scs_config.c:312:13:selectIpEnter_Callback	0	static
scs_config.c:133:13:stringIpPar	40	static
scs_config.c:408:13:dhcpSet	0	static
scs_config.c:126:13:stringOscModeFull	16	static
scs_config.c:121:13:stringOscMode	8	static
scs_config.c:405:13:oscModeSet	0	static
scs_config.c:404:13:oscModeGet	8	static
scs_config.c:403:13:oscLocalPortSet	8	static
scs_config.c:402:13:oscLocalPortGet	0	static
scs_config.c:401:13:oscRemotePortSet	8	static
scs_config.c:400:13:oscRemotePortGet	0	static
scs_config.c:139:13:stringRemoteIp	40	static
scs_config.c:305:12:selectRemoteIp	8	static
scs_config.c:299:13:selectRemoteIp_Callback	8	static
scs_config.c:262:13:selectSAVE	8	static
scs_config.c:294:13:selectLOAD	16	static
scs_config.c:283:11:getListLOAD_Callback	24	static
scs_config.c:101:13:stringOutPort	8	static
scs_config.c:393:13:routerDstPortSet	8	static
scs_config.c:392:13:routerDstPortGet	8	static
scs_config.c:96:13:stringInPort	8	static
scs_config.c:387:13:routerSrcPortSet	8	static
scs_config.c:386:13:routerSrcPortGet	8	static
scs_config.c:240:13:selectSnapshotDUMP	8	static
scs_config.c:380:13:snapshotGet	8	static
scs_config.c:381:13:snapshotSet	0	static
scs_config.c:378:13:runValueSet	0	static
scs_config.c:377:13:runValueGet	8	static
scs_config.c:375:13:runSectionSet	0	static
scs_config.c:374:13:runSectionGet	8	static
scs_config.c:716:12:buttonHook	16	static
scs_config.c:419:13:MSD_EnableReq	16	static
scs_config.c:520:12:displayHook	56	static
scs_config.c:248:13:selectSAVE_Callback	112	static
scs_config.c:267:13:selectLOAD_Callback	112	static
scs_config.c:228:13:selectSnapshotSAVE	112	static
scs_config.c:215:13:selectSnapshotLOAD	120	static
scs_config.c:200:13:selectRunScript	48	static
scs_config.c:668:12:encHook	32	static
scs_config.c:821:5:SCS_CONFIG_Init	8	static
