scs.c:195:5:SCS_Init	32	static
scs.c:268:5:SCS_NumMenuItemsGet	0	static
scs.c:279:5:SCS_NumMenuItemsSet	0	static
scs.c:296:5:SCS_PinSet	16	static
scs.c:314:5:SCS_PinGet	0	static
scs.c:329:5:SCS_AllPinsSet	0	static
scs.c:340:5:SCS_AllPinsGet	0	static
scs.c:350:5:SCS_EncButtonUpdate_Tick	16	static
scs.c:437:5:SCS_ENC_MENU_NotifyChange	16	static
scs.c:640:5:SCS_ENC_MENU_AutoSpeedSet	24	static
scs.c:670:5:SCS_DIN_NotifyToggle	16	static
scs.c:998:5:SCS_Tick	336	static
scs.c:1512:5:SCS_InstallRoot	0	static
scs.c:1535:5:SCS_InstallDisplayHook	0	static
scs.c:1550:5:SCS_InstallEncHook	0	static
scs.c:1565:5:SCS_InstallButtonHook	0	static
scs.c:1577:5:SCS_DisplayUpdateRequest	0	static
scs.c:1589:5:SCS_DisplayUpdateInMainPage	0	static
scs.c:1600:18:SCS_MenuStateGet	0	static
scs.c:1613:18:SCS_MenuPageGet	0	static
scs.c:1628:5:SCS_ChangePage	8	static
scs.c:1660:5:SCS_ShowSelectedItem	0	static
scs.c:1684:5:SCS_Msg	16	static
scs.c:1698:5:SCS_MsgStop	0	static
scs.c:1711:5:SCS_InstallDelayedActionCallback	16	static
scs.c:1729:5:SCS_UnInstallDelayedActionCallback	8	static
scs.c:1746:5:SCS_InstallEditStringCallback	24	static
scs.c:1784:5:SCS_InstallEditIpCallback	8	static
scs.c:1802:5:SCS_InstallEditBrowserCallback	8	static
