scs_lcd.c:104:5:SCS_LCD_Init	0	static
scs_lcd.c:137:5:SCS_LCD_DeviceGet	0	static
scs_lcd.c:145:5:SCS_LCD_DeviceSet	0	static
scs_lcd.c:154:5:SCS_LCD_OffsetXGet	0	static
scs_lcd.c:162:5:SCS_LCD_OffsetXSet	0	static
scs_lcd.c:171:5:SCS_LCD_OffsetYGet	0	static
scs_lcd.c:179:5:SCS_LCD_OffsetYSet	0	static
scs_lcd.c:191:5:SCS_LCD_Clear	0	static
scs_lcd.c:206:5:SCS_LCD_PrintChar	8	static
scs_lcd.c:220:5:SCS_LCD_BufferSet	12	static
scs_lcd.c:242:5:SCS_LCD_CursorSet	0	static
scs_lcd.c:254:5:SCS_LCD_Update	40	static
scs_lcd.c:303:5:SCS_LCD_InitSpecialChars	8	static
scs_lcd.c:343:5:SCS_LCD_SpecialCharsReInit	0	static
scs_lcd.c:353:5:SCS_LCD_PrintString	8	static
scs_lcd.c:369:5:SCS_LCD_PrintFormattedString	56	static
scs_lcd.c:383:5:SCS_LCD_PrintSpaces	8	static
scs_lcd.c:397:5:SCS_LCD_PrintStringPadded	16	static
scs_lcd.c:417:5:SCS_LCD_PrintStringCentered	24	static
