midi_port.c:212:5:MIDI_PORT_Init	0	static
midi_port.c:238:5:MIDI_PORT_InNumGet	0	static
midi_port.c:243:5:MIDI_PORT_OutNumGet	0	static
midi_port.c:248:5:MIDI_PORT_ClkNumGet	0	static
midi_port.c:258:7:MIDI_PORT_InNameGet	0	static
midi_port.c:266:7:MIDI_PORT_OutNameGet	0	static
midi_port.c:274:7:MIDI_PORT_ClkNameGet	0	static
midi_port.c:287:20:MIDI_PORT_InPortGet	0	static
midi_port.c:295:20:MIDI_PORT_OutPortGet	0	static
midi_port.c:303:20:MIDI_PORT_ClkPortGet	0	static
midi_port.c:315:4:MIDI_PORT_InIxGet	8	static
midi_port.c:326:4:MIDI_PORT_OutIxGet	8	static
midi_port.c:337:4:MIDI_PORT_ClkIxGet	8	static
midi_port.c:352:5:MIDI_PORT_InCheckAvailable	0	static
midi_port.c:368:5:MIDI_PORT_OutCheckAvailable	0	static
midi_port.c:387:5:MIDI_PORT_ClkCheckAvailable	0	static
midi_port.c:409:23:MIDI_PORT_OutPackageGet	8	static
midi_port.c:432:23:MIDI_PORT_InPackageGet	8	static
midi_port.c:455:5:MIDI_PORT_MonFilterSet	0	static
midi_port.c:461:24:MIDI_PORT_MonFilterGet	0	static
midi_port.c:471:5:MIDI_PORT_Period1mS	0	static
midi_port.c:498:5:MIDI_PORT_NotifyMIDITx	16	static
midi_port.c:541:5:MIDI_PORT_NotifyMIDIRx	8	static
midi_port.c:573:5:MIDI_PORT_EventNameGet	8	static
